Archive member included to satisfy reference by file (symbol)

/home/lucas/Desktop/Informatica 2/TPO/gimbal_workspace/Gimbal/Biblioteca Info 2/libbibliotecaInfoII.a(DR_Inicializacion.o)
                              ./src/Aplicacion/maquinaGeneral.o (Inicializacion)
/home/lucas/Desktop/Informatica 2/TPO/gimbal_workspace/Gimbal/Biblioteca Info 2/libbibliotecaInfoII.a(DR_PLL.o)
                              ./src/Aplicacion/maquinaGeneral.o (InicializarPLL)
/home/lucas/Desktop/Informatica 2/TPO/gimbal_workspace/Gimbal/Biblioteca Info 2/libbibliotecaInfoII.a(DR_RGB.o)
                              ./src/Aplicacion/maquinaGeneral.o (InicializarRGB)
/home/lucas/Desktop/Informatica 2/TPO/gimbal_workspace/Gimbal/Biblioteca Info 2/libbibliotecaInfoII.a(DR_Salidas.o)
                              /home/lucas/Desktop/Informatica 2/TPO/gimbal_workspace/Gimbal/Biblioteca Info 2/libbibliotecaInfoII.a(DR_Inicializacion.o) (InicializarSalidas)
/home/lucas/Desktop/Informatica 2/TPO/gimbal_workspace/Gimbal/Biblioteca Info 2/libbibliotecaInfoII.a(DR_SysTick.o)
                              ./src/Aplicacion/maquinaGeneral.o (InicializarSysTick)
/home/lucas/Desktop/Informatica 2/TPO/gimbal_workspace/Gimbal/Biblioteca Info 2/libbibliotecaInfoII.a(DR_Teclado.o)
                              /home/lucas/Desktop/Informatica 2/TPO/gimbal_workspace/Gimbal/Biblioteca Info 2/libbibliotecaInfoII.a(DR_Inicializacion.o) (InicializarTeclado)
/home/lucas/Desktop/Informatica 2/TPO/gimbal_workspace/Gimbal/Biblioteca Info 2/libbibliotecaInfoII.a(DR_Timers.o)
                              /home/lucas/Desktop/Informatica 2/TPO/gimbal_workspace/Gimbal/Biblioteca Info 2/libbibliotecaInfoII.a(DR_SysTick.o) (AnalizarTimers)
/home/lucas/Desktop/Informatica 2/TPO/gimbal_workspace/Gimbal/Biblioteca Info 2/libbibliotecaInfoII.a(DR_UART0.o)
                              /home/lucas/Desktop/Informatica 2/TPO/gimbal_workspace/Gimbal/Biblioteca Info 2/libbibliotecaInfoII.a(DR_Inicializacion.o) (UART0_Inicializacion)
/home/lucas/Desktop/Informatica 2/TPO/gimbal_workspace/Gimbal/Biblioteca Info 2/libbibliotecaInfoII.a(DR_UART1.o)
                              /home/lucas/Desktop/Informatica 2/TPO/gimbal_workspace/Gimbal/Biblioteca Info 2/libbibliotecaInfoII.a(DR_Inicializacion.o) (UART1_Inicializacion)
/home/lucas/Desktop/Informatica 2/TPO/gimbal_workspace/Gimbal/Biblioteca Info 2/libbibliotecaInfoII.a(DR_adc.o)
                              /home/lucas/Desktop/Informatica 2/TPO/gimbal_workspace/Gimbal/Biblioteca Info 2/libbibliotecaInfoII.a(DR_Inicializacion.o) (InicializarADC)
/home/lucas/Desktop/Informatica 2/TPO/gimbal_workspace/Gimbal/Biblioteca Info 2/libbibliotecaInfoII.a(DR_gpio.o)
                              /home/lucas/Desktop/Informatica 2/TPO/gimbal_workspace/Gimbal/Biblioteca Info 2/libbibliotecaInfoII.a(DR_RGB.o) (SetDIR)
/home/lucas/Desktop/Informatica 2/TPO/gimbal_workspace/Gimbal/Biblioteca Info 2/libbibliotecaInfoII.a(DR_lcd.o)
                              /home/lucas/Desktop/Informatica 2/TPO/gimbal_workspace/Gimbal/Biblioteca Info 2/libbibliotecaInfoII.a(DR_Inicializacion.o) (InicializarLCD)
/home/lucas/Desktop/Informatica 2/TPO/gimbal_workspace/Gimbal/Biblioteca Info 2/libbibliotecaInfoII.a(DR_pinsel.o)
                              /home/lucas/Desktop/Informatica 2/TPO/gimbal_workspace/Gimbal/Biblioteca Info 2/libbibliotecaInfoII.a(DR_RGB.o) (SetPINSEL)
/home/lucas/Desktop/Informatica 2/TPO/gimbal_workspace/Gimbal/Biblioteca Info 2/libbibliotecaInfoII.a(PR_RGB.o)
                              ./src/main.o (LedsRGB)
/home/lucas/Desktop/Informatica 2/TPO/gimbal_workspace/Gimbal/Biblioteca Info 2/libbibliotecaInfoII.a(PR_Teclado.o)
                              ./src/Aplicacion/maquinaGeneral.o (GetKey)
/home/lucas/Desktop/Informatica 2/TPO/gimbal_workspace/Gimbal/Biblioteca Info 2/libbibliotecaInfoII.a(PR_Timers.o)
                              ./src/Aplicacion/timers.o (TimerStart)
/home/lucas/Desktop/Informatica 2/TPO/gimbal_workspace/Gimbal/Biblioteca Info 2/libbibliotecaInfoII.a(PR_lcd.o)
                              ./src/Aplicacion/maquinaEjecutando.o (LCD_Display)
/home/lucas/Desktop/Informatica 2/TPO/gimbal_workspace/Gimbal/Biblioteca Info 2/libbibliotecaInfoII.a(DR_7seg.o)
                              /home/lucas/Desktop/Informatica 2/TPO/gimbal_workspace/Gimbal/Biblioteca Info 2/libbibliotecaInfoII.a(DR_SysTick.o) (BarridoDisplay)
/home/lucas/Desktop/Informatica 2/TPO/gimbal_workspace/Gimbal/Biblioteca Info 2/libbibliotecaInfoII.a(DR_Buzzer.o)
                              /home/lucas/Desktop/Informatica 2/TPO/gimbal_workspace/Gimbal/Biblioteca Info 2/libbibliotecaInfoII.a(DR_SysTick.o) (RefrescoBuzzer)
/home/lucas/Desktop/Informatica 2/TPO/gimbal_workspace/Gimbal/Biblioteca Info 2/libbibliotecaInfoII.a(DR_Entradas.o)
                              /home/lucas/Desktop/Informatica 2/TPO/gimbal_workspace/Gimbal/Biblioteca Info 2/libbibliotecaInfoII.a(DR_SysTick.o) (DebounceEntradas)
[...]
Memory Configuration

Name             Origin             Length             Attributes
MFlash512        0x0000000000000000 0x0000000000080000 xr
RamLoc32         0x0000000010000000 0x0000000000008000 xrw
RamAHB32         0x000000002007c000 0x0000000000008000 xrw
*default*        0x0000000000000000 0xffffffffffffffff

Linker script and memory map

LOAD ./src/Aplicacion/maquinaControl.o
LOAD ./src/Aplicacion/maquinaEjecutando.o
LOAD ./src/Aplicacion/maquinaGeneral.o
LOAD ./src/Aplicacion/timers.o
LOAD ./src/cr_startup_lpc175x_6x.o
LOAD ./src/crp.o
LOAD ./src/main.o
LOAD /home/lucas/Desktop/Informatica 2/TPO/gimbal_workspace/Gimbal/Biblioteca Info 2/libbibliotecaInfoII.a
START GROUP
LOAD /usr/local/mcuxpressoide-10.3.1_2233/ide/plugins/com.nxp.mcuxpresso.tools.linux_10.3.0.201811011841/tools/bin/../lib/gcc/arm-none-eabi/7.3.1/../../../../arm-none-eabi/lib/thumb/v7-m/libcr_c.a
LOAD /usr/local/mcuxpressoide-10.3.1_2233/ide/plugins/com.nxp.mcuxpresso.tools.linux_10.3.0.201811011841/tools/bin/../lib/gcc/arm-none-eabi/7.3.1/thumb/v7-m/libcr_eabihelpers.a
LOAD /usr/local/mcuxpressoide-10.3.1_2233/ide/plugins/com.nxp.mcuxpresso.tools.linux_10.3.0.201811011841/tools/bin/../lib/gcc/arm-none-eabi/7.3.1/thumb/v7-m/libgcc.a
END GROUP
                0x0000000000000000                __base_MFlash512 = 0x0
                0x0000000000000000                __base_Flash = 0x0
                0x0000000000080000                __top_MFlash512 = 0x80000
                0x0000000000080000                __top_Flash = 0x80000
                0x0000000010000000                __base_RamLoc32 = 0x10000000
                0x0000000010000000                __base_RAM = 0x10000000
                0x0000000010008000                __top_RamLoc32 = 0x10008000
                0x0000000010008000                __top_RAM = 0x10008000
                0x000000002007c000                __base_RamAHB32 = 0x2007c000
                0x000000002007c000                __base_RAM2 = 0x2007c000
                0x0000000020084000                __top_RamAHB32 = 0x20084000
                0x0000000020084000                __top_RAM2 = 0x20084000

.text           0x0000000000000000     0x2290
 FILL mask 0xff
                0x0000000000000000                __vectors_start__ = ABSOLUTE (.)
 *(.isr_vector)
 .isr_vector    0x0000000000000000       0xcc ./src/cr_startup_lpc175x_6x.o
                0x0000000000000000                g_pfnVectors
                0x00000000000000cc                . = ALIGN (0x4)
                0x00000000000000cc                __section_table_start = .
                0x00000000000000cc                __data_section_table = .
                0x00000000000000cc        0x4 LONG 0x2290 LOADADDR (.data)
                0x00000000000000d0        0x4 LONG 0x10000000 ADDR (.data)
                0x00000000000000d4        0x4 LONG 0x28 SIZEOF (.data)
                0x00000000000000d8        0x4 LONG 0x2290 LOADADDR (.data_RAM2)
                0x00000000000000dc        0x4 LONG 0x2007c000 ADDR (.data_RAM2)
                0x00000000000000e0        0x4 LONG 0x0 SIZEOF (.data_RAM2)
                0x00000000000000e4                __data_section_table_end = .
                0x00000000000000e4                __bss_section_table = .
                0x00000000000000e4        0x4 LONG 0x10000028 ADDR (.bss)
                0x00000000000000e8        0x4 LONG 0x10fc SIZEOF (.bss)
                0x00000000000000ec        0x4 LONG 0x2007c000 ADDR (.bss_RAM2)
                0x00000000000000f0        0x4 LONG 0x0 SIZEOF (.bss_RAM2)
                0x00000000000000f4                __bss_section_table_end = .
                0x00000000000000f4                __section_table_end = .
 *(.after_vectors*)
 .after_vectors
                0x00000000000000f4      0x128 ./src/cr_startup_lpc175x_6x.o
                0x00000000000000f4                data_init
                0x0000000000000136                bss_init
                0x000000000000016c                ResetISR
                0x00000000000001e0                NMI_Handler
                0x00000000000001e6                HardFault_Handler
                0x00000000000001ec                MemManage_Handler
                0x00000000000001f2                BusFault_Handler
                0x00000000000001f8                UsageFault_Handler
                0x00000000000001fe                SVC_Handler
                0x0000000000000204                DebugMon_Handler
                0x000000000000020a                PendSV_Handler
                0x0000000000000216                TIMER2_IRQHandler
                0x0000000000000216                RIT_IRQHandler
                0x0000000000000216                I2C0_IRQHandler
                0x0000000000000216                USBActivity_IRQHandler
                0x0000000000000216                PWM1_IRQHandler
                0x0000000000000216                I2C1_IRQHandler
                0x0000000000000216                EINT2_IRQHandler
                0x0000000000000216                EINT3_IRQHandler
                0x0000000000000216                CANActivity_IRQHandler
                0x0000000000000216                TIMER3_IRQHandler
                0x0000000000000216                IntDefaultHandler
                0x0000000000000216                PLL0_IRQHandler
                0x0000000000000216                CAN_IRQHandler
                0x0000000000000216                PLL1_IRQHandler
                0x0000000000000216                SSP0_IRQHandler
                0x0000000000000216                I2S_IRQHandler
                0x0000000000000216                I2C2_IRQHandler
                0x0000000000000216                RTC_IRQHandler
                0x0000000000000216                TIMER0_IRQHandler
                0x0000000000000216                SPI_IRQHandler
                0x0000000000000216                EINT1_IRQHandler
                0x0000000000000216                TIMER1_IRQHandler
                0x0000000000000216                UART2_IRQHandler
                0x0000000000000216                SSP1_IRQHandler
                0x0000000000000216                USB_IRQHandler
                0x0000000000000216                BOD_IRQHandler
                0x0000000000000216                WDT_IRQHandler
                0x0000000000000216                QEI_IRQHandler
                0x0000000000000216                EINT0_IRQHandler
                0x0000000000000216                DMA_IRQHandler
                0x0000000000000216                UART3_IRQHandler
                0x0000000000000216                MCPWM_IRQHandler
                0x0000000000000216                ENET_IRQHandler
                0x00000000000002fc                . = 0x2fc
 *fill*         0x000000000000021c       0xe0 ff
                0x00000000000002fc                PROVIDE (__CRP_WORD_START__ = .)
 *(.crp)
 .crp           0x00000000000002fc        0x4 ./src/crp.o
                0x00000000000002fc                CRP_WORD
                0x0000000000000300                PROVIDE (__CRP_WORD_END__ = .)
                0x0000000000000001                ASSERT (! ((__CRP_WORD_START__ == __CRP_WORD_END__)), Linker CRP Enabled, but no CRP_WORD provided within application)
 *(.text*)
 .text.Maquina_Medir
                0x0000000000000300       0xbc ./src/Aplicacion/maquinaControl.o
                0x0000000000000300                Maquina_Medir
 .text.F_Calculando
                0x00000000000003bc       0x70 ./src/Aplicacion/maquinaControl.o
                0x00000000000003bc                F_Calculando
 .text.Maquina_Control
                0x000000000000042c       0x80 ./src/Aplicacion/maquinaControl.o
                0x000000000000042c                Maquina_Control
 .text.F_Ejecutando
                0x00000000000004ac       0xbc ./src/Aplicacion/maquinaEjecutando.o
                0x00000000000004ac                F_Ejecutando
 .text.tostring
                0x0000000000000568      0x124 ./src/Aplicacion/maquinaEjecutando.o
                0x0000000000000568                tostring
 .text.Inicializar
                0x000000000000068c       0x18 ./src/Aplicacion/maquinaGeneral.o
                0x000000000000068c                Inicializar
 .text.Recalibrar_Confirm
                0x00000000000006a4       0x28 ./src/Aplicacion/maquinaGeneral.o
                0x00000000000006a4                Recalibrar_Confirm
 .text.Maquina_General
                0x00000000000006cc       0x7c ./src/Aplicacion/maquinaGeneral.o
                0x00000000000006cc                Maquina_General
 .text.F_Funcionando
                0x0000000000000748        0xc ./src/Aplicacion/maquinaGeneral.o
                0x0000000000000748                F_Funcionando
 .text.Maquina_Calibrando
                0x0000000000000754        0xe ./src/Aplicacion/maquinaGeneral.o
                0x0000000000000754                Maquina_Calibrando
 *fill*         0x0000000000000762        0x2 ff
 .text.Init_Timers
                0x0000000000000764       0x38 ./src/Aplicacion/timers.o
                0x0000000000000764                Init_Timers
 .text.ActualizarDec
                0x000000000000079c       0x48 ./src/Aplicacion/timers.o
                0x000000000000079c                ActualizarDec
 .text.ActualizarSeg
                0x00000000000007e4       0x28 ./src/Aplicacion/timers.o
                0x00000000000007e4                ActualizarSeg
 .text.ActualizarMin
                0x000000000000080c       0x18 ./src/Aplicacion/timers.o
                0x000000000000080c                ActualizarMin
 .text.ReiniciarTimer
                0x0000000000000824       0x64 ./src/Aplicacion/timers.o
                0x0000000000000824                ReiniciarTimer
 .text.main     0x0000000000000888       0x36 ./src/main.o
                0x0000000000000888                main
 .text.Maquina_TransDatos
                0x00000000000008be        0xc ./src/main.o
                0x00000000000008be                Maquina_TransDatos
 .text.Inicializacion
                0x00000000000008ca       0x40 /home/lucas/Desktop/Informatica 2/TPO/gimbal_workspace/Gimbal/Biblioteca Info 2/libbibliotecaInfoII.a(DR_Inicializacion.o)
                0x00000000000008ca                Inicializacion
 *fill*         0x000000000000090a        0x2 ff
 .text.InicializarPLL
                0x000000000000090c      0x140 /home/lucas/Desktop/Informatica 2/TPO/gimbal_workspace/Gimbal/Biblioteca Info 2/libbibliotecaInfoII.a(DR_PLL.o)
                0x000000000000090c                InicializarPLL
 .text.InicializarRGB
                0x0000000000000a4c       0x44 /home/lucas/Desktop/Informatica 2/TPO/gimbal_workspace/Gimbal/Biblioteca Info 2/libbibliotecaInfoII.a(DR_RGB.o)
                0x0000000000000a4c                InicializarRGB
 .text.RefrescoSalidas
                0x0000000000000a90       0x6c /home/lucas/Desktop/Informatica 2/TPO/gimbal_workspace/Gimbal/Biblioteca Info 2/libbibliotecaInfoII.a(DR_Salidas.o)
                0x0000000000000a90                RefrescoSalidas
 .text.InicializarSalidas
                0x0000000000000afc       0x58 /home/lucas/Desktop/Informatica 2/TPO/gimbal_workspace/Gimbal/Biblioteca Info 2/libbibliotecaInfoII.a(DR_Salidas.o)
                0x0000000000000afc                InicializarSalidas
 .text.InicializarSysTick
                0x0000000000000b54       0x40 /home/lucas/Desktop/Informatica 2/TPO/gimbal_workspace/Gimbal/Biblioteca Info 2/libbibliotecaInfoII.a(DR_SysTick.o)
                0x0000000000000b54                InicializarSysTick
 .text.SysTick_Handler
                0x0000000000000b94       0x24 /home/lucas/Desktop/Informatica 2/TPO/gimbal_workspace/Gimbal/Biblioteca Info 2/libbibliotecaInfoII.a(DR_SysTick.o)
                0x0000000000000b94                SysTick_Handler
 .text.InicializarTeclado
                0x0000000000000bb8       0x80 /home/lucas/Desktop/Informatica 2/TPO/gimbal_workspace/Gimbal/Biblioteca Info 2/libbibliotecaInfoII.a(DR_Teclado.o)
                0x0000000000000bb8                InicializarTeclado
 .text.DriverTecladoSW
                0x0000000000000c38       0x98 /home/lucas/Desktop/Informatica 2/TPO/gimbal_workspace/Gimbal/Biblioteca Info 2/libbibliotecaInfoII.a(DR_Teclado.o)
                0x0000000000000c38                DriverTecladoSW
 .text.DriverTecladoHW
                0x0000000000000cd0       0x64 /home/lucas/Desktop/Informatica 2/TPO/gimbal_workspace/Gimbal/Biblioteca Info 2/libbibliotecaInfoII.a(DR_Teclado.o)
                0x0000000000000cd0                DriverTecladoHW
 .text.AnalizarTimers
                0x0000000000000d34       0x70 /home/lucas/Desktop/Informatica 2/TPO/gimbal_workspace/Gimbal/Biblioteca Info 2/libbibliotecaInfoII.a(DR_Timers.o)
                0x0000000000000d34                AnalizarTimers
 .text.TimerEvent
                0x0000000000000da4       0x48 /home/lucas/Desktop/Informatica 2/TPO/gimbal_workspace/Gimbal/Biblioteca Info 2/libbibliotecaInfoII.a(DR_Timers.o)
                0x0000000000000da4                TimerEvent
 .text.UART0_IRQHandler
                0x0000000000000dec       0x70 /home/lucas/Desktop/Informatica 2/TPO/gimbal_workspace/Gimbal/Biblioteca Info 2/libbibliotecaInfoII.a(DR_UART0.o)
                0x0000000000000dec                UART0_IRQHandler
 .text.UART0_Inicializacion
                0x0000000000000e5c       0x94 /home/lucas/Desktop/Informatica 2/TPO/gimbal_workspace/Gimbal/Biblioteca Info 2/libbibliotecaInfoII.a(DR_UART0.o)
                0x0000000000000e5c                UART0_Inicializacion
 .text.UART0_PushRX
                0x0000000000000ef0       0x44 /home/lucas/Desktop/Informatica 2/TPO/gimbal_workspace/Gimbal/Biblioteca Info 2/libbibliotecaInfoII.a(DR_UART0.o)
                0x0000000000000ef0                UART0_PushRX
 .text.UART0_PopTX
                0x0000000000000f34       0x60 /home/lucas/Desktop/Informatica 2/TPO/gimbal_workspace/Gimbal/Biblioteca Info 2/libbibliotecaInfoII.a(DR_UART0.o)
                0x0000000000000f34                UART0_PopTX
 .text.UART1_IRQHandler
                0x0000000000000f94       0x70 /home/lucas/Desktop/Informatica 2/TPO/gimbal_workspace/Gimbal/Biblioteca Info 2/libbibliotecaInfoII.a(DR_UART1.o)
                0x0000000000000f94                UART1_IRQHandler
 .text.UART1_Inicializacion
                0x0000000000001004       0x94 /home/lucas/Desktop/Informatica 2/TPO/gimbal_workspace/Gimbal/Biblioteca Info 2/libbibliotecaInfoII.a(DR_UART1.o)
                0x0000000000001004                UART1_Inicializacion
 .text.UART1_PushRX
                0x0000000000001098       0x44 /home/lucas/Desktop/Informatica 2/TPO/gimbal_workspace/Gimbal/Biblioteca Info 2/libbibliotecaInfoII.a(DR_UART1.o)
                0x0000000000001098                UART1_PushRX
 .text.UART1_PopTX
                0x00000000000010dc       0x60 /home/lucas/Desktop/Informatica 2/TPO/gimbal_workspace/Gimbal/Biblioteca Info 2/libbibliotecaInfoII.a(DR_UART1.o)
                0x00000000000010dc                UART1_PopTX
 .text.ADC_IRQHandler
                0x000000000000113c      0x168 /home/lucas/Desktop/Informatica 2/TPO/gimbal_workspace/Gimbal/Biblioteca Info 2/libbibliotecaInfoII.a(DR_adc.o)
                0x000000000000113c                ADC_IRQHandler
 .text.InicializarADC
                0x00000000000012a4      0x10c /home/lucas/Desktop/Informatica 2/TPO/gimbal_workspace/Gimbal/Biblioteca Info 2/libbibliotecaInfoII.a(DR_adc.o)
                0x00000000000012a4                InicializarADC
 .text.SetDIR   0x00000000000013b0       0x78 /home/lucas/Desktop/Informatica 2/TPO/gimbal_workspace/Gimbal/Biblioteca Info 2/libbibliotecaInfoII.a(DR_gpio.o)
                0x00000000000013b0                SetDIR
 .text.SetPIN   0x0000000000001428       0x7c /home/lucas/Desktop/Informatica 2/TPO/gimbal_workspace/Gimbal/Biblioteca Info 2/libbibliotecaInfoII.a(DR_gpio.o)
                0x0000000000001428                SetPIN
 .text.SetMODE  0x00000000000014a4       0xa0 /home/lucas/Desktop/Informatica 2/TPO/gimbal_workspace/Gimbal/Biblioteca Info 2/libbibliotecaInfoII.a(DR_gpio.o)
                0x00000000000014a4                SetMODE
 .text.GetPIN   0x0000000000001544       0x54 /home/lucas/Desktop/Informatica 2/TPO/gimbal_workspace/Gimbal/Biblioteca Info 2/libbibliotecaInfoII.a(DR_gpio.o)
                0x0000000000001544                GetPIN
 .text.InicializarLCD
                0x0000000000001598      0x150 /home/lucas/Desktop/Informatica 2/TPO/gimbal_workspace/Gimbal/Biblioteca Info 2/libbibliotecaInfoII.a(DR_lcd.o)
                0x0000000000001598                InicializarLCD
 .text.LCD_Push
                0x00000000000016e8       0xb8 /home/lucas/Desktop/Informatica 2/TPO/gimbal_workspace/Gimbal/Biblioteca Info 2/libbibliotecaInfoII.a(DR_lcd.o)
                0x00000000000016e8                LCD_Push
 .text.LCD_Pop  0x00000000000017a0       0x74 /home/lucas/Desktop/Informatica 2/TPO/gimbal_workspace/Gimbal/Biblioteca Info 2/libbibliotecaInfoII.a(DR_lcd.o)
                0x00000000000017a0                LCD_Pop
 .text.EscrituraLCD
                0x0000000000001814      0x104 /home/lucas/Desktop/Informatica 2/TPO/gimbal_workspace/Gimbal/Biblioteca Info 2/libbibliotecaInfoII.a(DR_lcd.o)
                0x0000000000001814                EscrituraLCD
 .text.SetPINSEL
                0x0000000000001918       0x8a /home/lucas/Desktop/Informatica 2/TPO/gimbal_workspace/Gimbal/Biblioteca Info 2/libbibliotecaInfoII.a(DR_pinsel.o)
                0x0000000000001918                SetPINSEL
 .text.LedsRGB  0x00000000000019a2       0x52 /home/lucas/Desktop/Informatica 2/TPO/gimbal_workspace/Gimbal/Biblioteca Info 2/libbibliotecaInfoII.a(PR_RGB.o)
                0x00000000000019a2                LedsRGB
 .text.GetKey   0x00000000000019f4       0x24 /home/lucas/Desktop/Informatica 2/TPO/gimbal_workspace/Gimbal/Biblioteca Info 2/libbibliotecaInfoII.a(PR_Teclado.o)
                0x00000000000019f4                GetKey
 .text.TimerStart
                0x0000000000001a18       0xa4 /home/lucas/Desktop/Informatica 2/TPO/gimbal_workspace/Gimbal/Biblioteca Info 2/libbibliotecaInfoII.a(PR_Timers.o)
                0x0000000000001a18                TimerStart
 .text.LCD_Display
                0x0000000000001abc       0x6c /home/lucas/Desktop/Informatica 2/TPO/gimbal_workspace/Gimbal/Biblioteca Info 2/libbibliotecaInfoII.a(PR_lcd.o)
                0x0000000000001abc                LCD_Display
 .text.BarridoDisplay
                0x0000000000001b28      0x1a0 /home/lucas/Desktop/Informatica 2/TPO/gimbal_workspace/Gimbal/Biblioteca Info 2/libbibliotecaInfoII.a(DR_7seg.o)
                0x0000000000001b28                BarridoDisplay
 .text.InicializarDisplayExp2
                0x0000000000001cc8       0x94 /home/lucas/Desktop/Informatica 2/TPO/gimbal_workspace/Gimbal/Biblioteca Info 2/libbibliotecaInfoII.a(DR_7seg.o)
                0x0000000000001cc8                InicializarDisplayExp2
 .text.RefrescoBuzzer
                0x0000000000001d5c       0x24 /home/lucas/Desktop/Informatica 2/TPO/gimbal_workspace/Gimbal/Biblioteca Info 2/libbibliotecaInfoII.a(DR_Buzzer.o)
                0x0000000000001d5c                RefrescoBuzzer
 .text.InicializarBuzzer
                0x0000000000001d80       0x26 /home/lucas/Desktop/Informatica 2/TPO/gimbal_workspace/Gimbal/Biblioteca Info 2/libbibliotecaInfoII.a(DR_Buzzer.o)
                0x0000000000001d80                InicializarBuzzer
 *fill*         0x0000000000001da6        0x2 ff
 .text.DebounceEntradas
                0x0000000000001da8       0xec /home/lucas/Desktop/Informatica 2/TPO/gimbal_workspace/Gimbal/Biblioteca Info 2/libbibliotecaInfoII.a(DR_Entradas.o)
                0x0000000000001da8                DebounceEntradas
 .text.InicializarEntradas
                0x0000000000001e94       0x44 /home/lucas/Desktop/Informatica 2/TPO/gimbal_workspace/Gimbal/Biblioteca Info 2/libbibliotecaInfoII.a(DR_Entradas.o)
                0x0000000000001e94                InicializarEntradas
 .text.__weak_main
                0x0000000000001ed8        0x4 /usr/local/mcuxpressoide-10.3.1_2233/ide/plugins/com.nxp.mcuxpresso.tools.linux_10.3.0.201811011841/tools/bin/../lib/gcc/arm-none-eabi/7.3.1/../../../../arm-none-eabi/lib/thumb/v7-m/libcr_c.a(__weak__main.o)
                0x0000000000001ed8                __main
                0x0000000000001ed8                __weak_main
 .text.__aeabi_fmul
                0x0000000000001edc       0xb0 /usr/local/mcuxpressoide-10.3.1_2233/ide/plugins/com.nxp.mcuxpresso.tools.linux_10.3.0.201811011841/tools/bin/../lib/gcc/arm-none-eabi/7.3.1/thumb/v7-m/libcr_eabihelpers.a(float.o)
                0x0000000000001edc                __aeabi_fmul
 .text.__aeabi_fdiv
                0x0000000000001f8c       0xb8 /usr/local/mcuxpressoide-10.3.1_2233/ide/plugins/com.nxp.mcuxpresso.tools.linux_10.3.0.201811011841/tools/bin/../lib/gcc/arm-none-eabi/7.3.1/thumb/v7-m/libcr_eabihelpers.a(float.o)
                0x0000000000001f8c                __aeabi_fdiv
 .text.__aeabi_fsub
                0x0000000000002044       0xe0 /usr/local/mcuxpressoide-10.3.1_2233/ide/plugins/com.nxp.mcuxpresso.tools.linux_10.3.0.201811011841/tools/bin/../lib/gcc/arm-none-eabi/7.3.1/thumb/v7-m/libcr_eabihelpers.a(float.o)
                0x0000000000002044                __aeabi_fsub
 .text.__aeabi_fadd
                0x0000000000002124       0xb0 /usr/local/mcuxpressoide-10.3.1_2233/ide/plugins/com.nxp.mcuxpresso.tools.linux_10.3.0.201811011841/tools/bin/../lib/gcc/arm-none-eabi/7.3.1/thumb/v7-m/libcr_eabihelpers.a(float.o)
                0x0000000000002124                __aeabi_fadd
 .text.__aeabi_f2iz
                0x00000000000021d4       0x36 /usr/local/mcuxpressoide-10.3.1_2233/ide/plugins/com.nxp.mcuxpresso.tools.linux_10.3.0.201811011841/tools/bin/../lib/gcc/arm-none-eabi/7.3.1/thumb/v7-m/libcr_eabihelpers.a(float.o)
                0x00000000000021d4                __aeabi_f2iz
 .text.__bhs_ui2f
                0x000000000000220a       0x26 /usr/local/mcuxpressoide-10.3.1_2233/ide/plugins/com.nxp.mcuxpresso.tools.linux_10.3.0.201811011841/tools/bin/../lib/gcc/arm-none-eabi/7.3.1/thumb/v7-m/libcr_eabihelpers.a(float.o)
                0x000000000000220a                __bhs_ui2f
 .text.__aeabi_i2f
                0x0000000000002230       0x12 /usr/local/mcuxpressoide-10.3.1_2233/ide/plugins/com.nxp.mcuxpresso.tools.linux_10.3.0.201811011841/tools/bin/../lib/gcc/arm-none-eabi/7.3.1/thumb/v7-m/libcr_eabihelpers.a(float.o)
                0x0000000000002230                __aeabi_i2f
 .text.__aeabi_fcmpge
                0x0000000000002242       0x3e /usr/local/mcuxpressoide-10.3.1_2233/ide/plugins/com.nxp.mcuxpresso.tools.linux_10.3.0.201811011841/tools/bin/../lib/gcc/arm-none-eabi/7.3.1/thumb/v7-m/libcr_eabihelpers.a(float.o)
                0x0000000000002242                __aeabi_fcmpge
 *(.rodata .rodata.* .constdata .constdata.*)
 .rodata        0x0000000000002280        0xd ./src/Aplicacion/maquinaEjecutando.o
                0x0000000000002290                . = ALIGN (0x4)
 *fill*         0x000000000000228d        0x3 ff

.glue_7         0x0000000000002290        0x0
 .glue_7        0x0000000000002290        0x0 linker stubs

.glue_7t        0x0000000000002290        0x0
 .glue_7t       0x0000000000002290        0x0 linker stubs

.vfp11_veneer   0x0000000000002290        0x0
 .vfp11_veneer  0x0000000000002290        0x0 linker stubs

.v4_bx          0x0000000000002290        0x0
 .v4_bx         0x0000000000002290        0x0 linker stubs

.iplt           0x0000000000002290        0x0
 .iplt          0x0000000000002290        0x0 ./src/Aplicacion/maquinaControl.o

.rel.dyn        0x0000000000002290        0x0
 .rel.iplt      0x0000000000002290        0x0 ./src/Aplicacion/maquinaControl.o

.ARM.extab
 *(.ARM.extab* .gnu.linkonce.armextab.*)
                0x0000000000002290                __exidx_start = .

.ARM.exidx
 *(.ARM.exidx* .gnu.linkonce.armexidx.*)
                0x0000000000002290                __exidx_end = .
                0x0000000000002290                _etext = .

.data_RAM2      0x000000002007c000        0x0 load address 0x0000000000002290
 FILL mask 0xff
                [!provide]                        PROVIDE (__start_data_RAM2 = .)
 *(.ramfunc.$RAM2)
 *(.ramfunc.$RamAHB32)
 *(.data.$RAM2*)
 *(.data.$RamAHB32*)
                0x000000002007c000                . = ALIGN (0x4)
                [!provide]                        PROVIDE (__end_data_RAM2 = .)

.uninit_RESERVED
                0x0000000010000000        0x0
 *(.bss.$RESERVED*)
                0x0000000010000000                . = ALIGN (0x4)
                0x0000000010000000                _end_uninit_RESERVED = .

.data           0x0000000010000000       0x28 load address 0x0000000000002290
 FILL mask 0xff
                0x0000000010000000                _data = .
 *(vtable)
 *(.ramfunc*)
 *(.data*)
 .data.periodo  0x0000000010000000        0x2 ./src/Aplicacion/maquinaControl.o
                0x0000000010000000                periodo
 *fill*         0x0000000010000002        0x2 ff
 .data.kTime    0x0000000010000004        0x4 ./src/Aplicacion/maquinaControl.o
                0x0000000010000004                kTime
 .data.kp       0x0000000010000008        0x4 ./src/Aplicacion/maquinaControl.o
                0x0000000010000008                kp
 .data.limite   0x000000001000000c        0x2 ./src/Aplicacion/maquinaControl.o
                0x000000001000000c                limite
 *fill*         0x000000001000000e        0x2 ff
 .data.escala   0x0000000010000010        0x4 ./src/Aplicacion/maquinaControl.o
                0x0000000010000010                escala
 .data.kreac    0x0000000010000014        0x4 ./src/Aplicacion/maquinaControl.o
                0x0000000010000014                kreac
 .data.estado.4412
                0x0000000010000018        0x4 ./src/Aplicacion/maquinaControl.o
 .data.estado.4423
                0x000000001000001c        0x4 ./src/Aplicacion/maquinaControl.o
 .data.estado.4417
                0x0000000010000020        0x4 ./src/Aplicacion/maquinaGeneral.o
 .data.Tecla    0x0000000010000024        0x1 /home/lucas/Desktop/Informatica 2/TPO/gimbal_workspace/Gimbal/Biblioteca Info 2/libbibliotecaInfoII.a(DR_Teclado.o)
                0x0000000010000024                Tecla
 .data.CodigoAnterior.3725
                0x0000000010000025        0x1 /home/lucas/Desktop/Informatica 2/TPO/gimbal_workspace/Gimbal/Biblioteca Info 2/libbibliotecaInfoII.a(DR_Teclado.o)
 .data.indice_ad.3665
                0x0000000010000026        0x1 /home/lucas/Desktop/Informatica 2/TPO/gimbal_workspace/Gimbal/Biblioteca Info 2/libbibliotecaInfoII.a(DR_adc.o)
                0x0000000010000028                . = ALIGN (0x4)
 *fill*         0x0000000010000027        0x1 ff
                0x0000000010000028                _edata = .

.igot.plt       0x0000000010000028        0x0 load address 0x00000000000022b8
 .igot.plt      0x0000000010000028        0x0 ./src/Aplicacion/maquinaControl.o

.bss_RAM2       0x000000002007c000        0x0
                [!provide]                        PROVIDE (__start_bss_RAM2 = .)
 *(.bss.$RAM2*)
 *(.bss.$RamAHB32*)
                0x000000002007c000                . = ALIGN ((. != 0x0)?0x4:0x1)
                [!provide]                        PROVIDE (__end_bss_RAM2 = .)

.bss            0x0000000010000028     0x10fc
                0x0000000010000028                _bss = .
 *(.bss*)
 .bss.actual    0x0000000010000028        0x4 ./src/Aplicacion/maquinaControl.o
                0x0000000010000028                actual
 .bss.setPoint  0x000000001000002c        0x4 ./src/Aplicacion/maquinaControl.o
                0x000000001000002c                setPoint
 .bss.output    0x0000000010000030        0x4 ./src/Aplicacion/maquinaControl.o
                0x0000000010000030                output
 .bss.res.4419  0x0000000010000034        0x4 ./src/Aplicacion/maquinaControl.o
 .bss.tecla     0x0000000010000038        0x1 ./src/Aplicacion/maquinaGeneral.o
                0x0000000010000038                tecla
 *fill*         0x0000000010000039        0x1 
 .bss.timeControl
                0x000000001000003a        0x2 ./src/Aplicacion/timers.o
                0x000000001000003a                timeControl
 .bss.timeBoton
                0x000000001000003c        0x2 ./src/Aplicacion/timers.o
                0x000000001000003c                timeBoton
 .bss.timePeriodo
                0x000000001000003e        0x2 ./src/Aplicacion/timers.o
                0x000000001000003e                timePeriodo
 .bss.timeLCD   0x0000000010000040        0x2 ./src/Aplicacion/timers.o
                0x0000000010000040                timeLCD
 *fill*         0x0000000010000042        0x2 
 .bss.BufferSalidas
                0x0000000010000044        0x4 /home/lucas/Desktop/Informatica 2/TPO/gimbal_workspace/Gimbal/Biblioteca Info 2/libbibliotecaInfoII.a(DR_Salidas.o)
                0x0000000010000044                BufferSalidas
 .bss.EstadosEstables.3726
                0x0000000010000048        0x1 /home/lucas/Desktop/Informatica 2/TPO/gimbal_workspace/Gimbal/Biblioteca Info 2/libbibliotecaInfoII.a(DR_Teclado.o)
 *fill*         0x0000000010000049        0x3 
 .bss.Tmr_Run   0x000000001000004c       0x78 /home/lucas/Desktop/Informatica 2/TPO/gimbal_workspace/Gimbal/Biblioteca Info 2/libbibliotecaInfoII.a(DR_Timers.o)
                0x000000001000004c                Tmr_Run
 .bss.TMR_Events
                0x00000000100000c4       0x1e /home/lucas/Desktop/Informatica 2/TPO/gimbal_workspace/Gimbal/Biblioteca Info 2/libbibliotecaInfoII.a(DR_Timers.o)
                0x00000000100000c4                TMR_Events
 *fill*         0x00000000100000e2        0x2 
 .bss.TMR_handlers
                0x00000000100000e4       0x78 /home/lucas/Desktop/Informatica 2/TPO/gimbal_workspace/Gimbal/Biblioteca Info 2/libbibliotecaInfoII.a(DR_Timers.o)
                0x00000000100000e4                TMR_handlers
 .bss.TMR_StandBy
                0x000000001000015c       0x1e /home/lucas/Desktop/Informatica 2/TPO/gimbal_workspace/Gimbal/Biblioteca Info 2/libbibliotecaInfoII.a(DR_Timers.o)
                0x000000001000015c                TMR_StandBy
 *fill*         0x000000001000017a        0x2 
 .bss.Tmr_Base  0x000000001000017c       0x1e /home/lucas/Desktop/Informatica 2/TPO/gimbal_workspace/Gimbal/Biblioteca Info 2/libbibliotecaInfoII.a(DR_Timers.o)
                0x000000001000017c                Tmr_Base
 *fill*         0x000000001000019a        0x2 
 .bss.UART0_BufferRx
                0x000000001000019c      0x200 /home/lucas/Desktop/Informatica 2/TPO/gimbal_workspace/Gimbal/Biblioteca Info 2/libbibliotecaInfoII.a(DR_UART0.o)
 .bss.UART0_BufferTx
                0x000000001000039c      0x200 /home/lucas/Desktop/Informatica 2/TPO/gimbal_workspace/Gimbal/Biblioteca Info 2/libbibliotecaInfoII.a(DR_UART0.o)
 .bss.UART0_inRX
                0x000000001000059c        0x1 /home/lucas/Desktop/Informatica 2/TPO/gimbal_workspace/Gimbal/Biblioteca Info 2/libbibliotecaInfoII.a(DR_UART0.o)
 .bss.UART0_inTX
                0x000000001000059d        0x1 /home/lucas/Desktop/Informatica 2/TPO/gimbal_workspace/Gimbal/Biblioteca Info 2/libbibliotecaInfoII.a(DR_UART0.o)
 .bss.UART0_outTX
                0x000000001000059e        0x1 /home/lucas/Desktop/Informatica 2/TPO/gimbal_workspace/Gimbal/Biblioteca Info 2/libbibliotecaInfoII.a(DR_UART0.o)
 *fill*         0x000000001000059f        0x1 
 .bss.UART0_flagTx
                0x00000000100005a0        0x2 /home/lucas/Desktop/Informatica 2/TPO/gimbal_workspace/Gimbal/Biblioteca Info 2/libbibliotecaInfoII.a(DR_UART0.o)
 *fill*         0x00000000100005a2        0x2 
 .bss.UART1_BufferRx
                0x00000000100005a4      0x200 /home/lucas/Desktop/Informatica 2/TPO/gimbal_workspace/Gimbal/Biblioteca Info 2/libbibliotecaInfoII.a(DR_UART1.o)
 .bss.UART1_BufferTx
                0x00000000100007a4      0x200 /home/lucas/Desktop/Informatica 2/TPO/gimbal_workspace/Gimbal/Biblioteca Info 2/libbibliotecaInfoII.a(DR_UART1.o)
 .bss.UART1_inRX
                0x00000000100009a4        0x1 /home/lucas/Desktop/Informatica 2/TPO/gimbal_workspace/Gimbal/Biblioteca Info 2/libbibliotecaInfoII.a(DR_UART1.o)
 .bss.UART1_inTX
                0x00000000100009a5        0x1 /home/lucas/Desktop/Informatica 2/TPO/gimbal_workspace/Gimbal/Biblioteca Info 2/libbibliotecaInfoII.a(DR_UART1.o)
 .bss.UART1_outTX
                0x00000000100009a6        0x1 /home/lucas/Desktop/Informatica 2/TPO/gimbal_workspace/Gimbal/Biblioteca Info 2/libbibliotecaInfoII.a(DR_UART1.o)
 *fill*         0x00000000100009a7        0x1 
 .bss.UART1_flagTx
                0x00000000100009a8        0x2 /home/lucas/Desktop/Informatica 2/TPO/gimbal_workspace/Gimbal/Biblioteca Info 2/libbibliotecaInfoII.a(DR_UART1.o)
 *fill*         0x00000000100009aa        0x2 
 .bss.valorADC1
                0x00000000100009ac      0x200 /home/lucas/Desktop/Informatica 2/TPO/gimbal_workspace/Gimbal/Biblioteca Info 2/libbibliotecaInfoII.a(DR_adc.o)
                0x00000000100009ac                valorADC1
 .bss.valorADC2
                0x0000000010000bac      0x200 /home/lucas/Desktop/Informatica 2/TPO/gimbal_workspace/Gimbal/Biblioteca Info 2/libbibliotecaInfoII.a(DR_adc.o)
                0x0000000010000bac                valorADC2
 .bss.valorADC5
                0x0000000010000dac      0x200 /home/lucas/Desktop/Informatica 2/TPO/gimbal_workspace/Gimbal/Biblioteca Info 2/libbibliotecaInfoII.a(DR_adc.o)
                0x0000000010000dac                valorADC5
 .bss.muestra.3666
                0x0000000010000fac        0x4 /home/lucas/Desktop/Informatica 2/TPO/gimbal_workspace/Gimbal/Biblioteca Info 2/libbibliotecaInfoII.a(DR_adc.o)
 .bss.lcdDelay  0x0000000010000fb0        0x4 /home/lucas/Desktop/Informatica 2/TPO/gimbal_workspace/Gimbal/Biblioteca Info 2/libbibliotecaInfoII.a(DR_lcd.o)
                0x0000000010000fb0                lcdDelay
 .bss.lcdBuffer
                0x0000000010000fb4      0x154 /home/lucas/Desktop/Informatica 2/TPO/gimbal_workspace/Gimbal/Biblioteca Info 2/libbibliotecaInfoII.a(DR_lcd.o)
                0x0000000010000fb4                lcdBuffer
 .bss.lcdInxIn  0x0000000010001108        0x4 /home/lucas/Desktop/Informatica 2/TPO/gimbal_workspace/Gimbal/Biblioteca Info 2/libbibliotecaInfoII.a(DR_lcd.o)
                0x0000000010001108                lcdInxIn
 .bss.lcdInxOut
                0x000000001000110c        0x4 /home/lucas/Desktop/Informatica 2/TPO/gimbal_workspace/Gimbal/Biblioteca Info 2/libbibliotecaInfoII.a(DR_lcd.o)
                0x000000001000110c                lcdInxOut
 .bss.lcdDataCount
                0x0000000010001110        0x4 /home/lucas/Desktop/Informatica 2/TPO/gimbal_workspace/Gimbal/Biblioteca Info 2/libbibliotecaInfoII.a(DR_lcd.o)
                0x0000000010001110                lcdDataCount
 .bss.Digito_Display
                0x0000000010001114        0x6 /home/lucas/Desktop/Informatica 2/TPO/gimbal_workspace/Gimbal/Biblioteca Info 2/libbibliotecaInfoII.a(DR_7seg.o)
                0x0000000010001114                Digito_Display
 .bss.Indice_Display.3716
                0x000000001000111a        0x1 /home/lucas/Desktop/Informatica 2/TPO/gimbal_workspace/Gimbal/Biblioteca Info 2/libbibliotecaInfoII.a(DR_7seg.o)
 .bss.BufferBuzzer
                0x000000001000111b        0x1 /home/lucas/Desktop/Informatica 2/TPO/gimbal_workspace/Gimbal/Biblioteca Info 2/libbibliotecaInfoII.a(DR_Buzzer.o)
                0x000000001000111b                BufferBuzzer
 .bss.BufferEntradas
                0x000000001000111c        0x1 /home/lucas/Desktop/Informatica 2/TPO/gimbal_workspace/Gimbal/Biblioteca Info 2/libbibliotecaInfoII.a(DR_Entradas.o)
                0x000000001000111c                BufferEntradas
 *fill*         0x000000001000111d        0x3 
 .bss.ContadorEntradas.3715
                0x0000000010001120        0x3 /home/lucas/Desktop/Informatica 2/TPO/gimbal_workspace/Gimbal/Biblioteca Info 2/libbibliotecaInfoII.a(DR_Entradas.o)
 *(COMMON)
                0x0000000010001124                . = ALIGN (0x4)
 *fill*         0x0000000010001123        0x1 
                0x0000000010001124                _ebss = .
                [!provide]                        PROVIDE (end = .)

.noinit_RAM2    0x000000002007c000        0x0
 *(.noinit.$RAM2*)
 *(.noinit.$RamAHB32*)
                0x000000002007c000                . = ALIGN (0x4)

.noinit         0x0000000010001124        0x0
                0x0000000010001124                _noinit = .
 *(.noinit*)
                0x0000000010001124                . = ALIGN (0x4)
                0x0000000010001124                _end_noinit = .
                [!provide]                        PROVIDE (_pvHeapStart = DEFINED (__user_heap_base)?__user_heap_base:.)
                0x0000000010008000                PROVIDE (_vStackTop = DEFINED (__user_stack_top)?__user_stack_top:(__top_RamLoc32 - 0x0))
                0xffffffffefff74f2                PROVIDE (__valid_user_code_checksum = (0x0 - ((((((_vStackTop + (ResetISR + 0x1)) + (NMI_Handler + 0x1)) + (HardFault_Handler + 0x1)) + (DEFINED (MemManage_Handler)?MemManage_Handler:0x0 + 0x1)) + (DEFINED (BusFault_Handler)?BusFault_Handler:0x0 + 0x1)) + (DEFINED (UsageFault_Handler)?UsageFault_Handler:0x0 + 0x1))))
                0x0000000000000000                _image_start = LOADADDR (.text)
                0x00000000000022b8                _image_end = (LOADADDR (.data) + SIZEOF (.data))
                0x00000000000022b8                _image_size = (_image_end - _image_start)
OUTPUT(Gimbal.axf elf32-littlearm)

.debug_info     0x0000000000000000     0x3857
 .debug_info    0x0000000000000000      0x472 ./src/Aplicacion/maquinaControl.o
 .debug_info    0x0000000000000472      0x3d8 ./src/Aplicacion/maquinaEjecutando.o
 .debug_info    0x000000000000084a      0x3cf ./src/Aplicacion/maquinaGeneral.o
 .debug_info    0x0000000000000c19      0x38e ./src/Aplicacion/timers.o
 .debug_info    0x0000000000000fa7      0x4f4 ./src/cr_startup_lpc175x_6x.o
 .debug_info    0x000000000000149b      0x2e5 ./src/crp.o
 .debug_info    0x0000000000001780      0x325 ./src/main.o
 .debug_info    0x0000000000001aa5      0x185 /home/lucas/Desktop/Informatica 2/TPO/gimbal_workspace/Gimbal/Biblioteca Info 2/libbibliotecaInfoII.a(DR_Inicializacion.o)
 .debug_info    0x0000000000001c2a       0x70 /home/lucas/Desktop/Informatica 2/TPO/gimbal_workspace/Gimbal/Biblioteca Info 2/libbibliotecaInfoII.a(DR_PLL.o)
 .debug_info    0x0000000000001c9a      0x123 /home/lucas/Desktop/Informatica 2/TPO/gimbal_workspace/Gimbal/Biblioteca Info 2/libbibliotecaInfoII.a(DR_RGB.o)
 .debug_info    0x0000000000001dbd      0x14c /home/lucas/Desktop/Informatica 2/TPO/gimbal_workspace/Gimbal/Biblioteca Info 2/libbibliotecaInfoII.a(DR_Salidas.o)
 .debug_info    0x0000000000001f09      0x225 /home/lucas/Desktop/Informatica 2/TPO/gimbal_workspace/Gimbal/Biblioteca Info 2/libbibliotecaInfoII.a(DR_SysTick.o)
 .debug_info    0x000000000000212e      0x1a9 /home/lucas/Desktop/Informatica 2/TPO/gimbal_workspace/Gimbal/Biblioteca Info 2/libbibliotecaInfoII.a(DR_Teclado.o)
 .debug_info    0x00000000000022d7      0x16d /home/lucas/Desktop/Informatica 2/TPO/gimbal_workspace/Gimbal/Biblioteca Info 2/libbibliotecaInfoII.a(DR_Timers.o)
 .debug_info    0x0000000000002444      0x204 /home/lucas/Desktop/Informatica 2/TPO/gimbal_workspace/Gimbal/Biblioteca Info 2/libbibliotecaInfoII.a(DR_UART0.o)
 .debug_info    0x0000000000002648      0x204 /home/lucas/Desktop/Informatica 2/TPO/gimbal_workspace/Gimbal/Biblioteca Info 2/libbibliotecaInfoII.a(DR_UART1.o)
 .debug_info    0x000000000000284c      0x11f /home/lucas/Desktop/Informatica 2/TPO/gimbal_workspace/Gimbal/Biblioteca Info 2/libbibliotecaInfoII.a(DR_adc.o)
 .debug_info    0x000000000000296b      0x1c1 /home/lucas/Desktop/Informatica 2/TPO/gimbal_workspace/Gimbal/Biblioteca Info 2/libbibliotecaInfoII.a(DR_gpio.o)
 .debug_info    0x0000000000002b2c      0x23a /home/lucas/Desktop/Informatica 2/TPO/gimbal_workspace/Gimbal/Biblioteca Info 2/libbibliotecaInfoII.a(DR_lcd.o)
 .debug_info    0x0000000000002d66       0xa6 /home/lucas/Desktop/Informatica 2/TPO/gimbal_workspace/Gimbal/Biblioteca Info 2/libbibliotecaInfoII.a(DR_pinsel.o)
 .debug_info    0x0000000000002e0c      0x140 /home/lucas/Desktop/Informatica 2/TPO/gimbal_workspace/Gimbal/Biblioteca Info 2/libbibliotecaInfoII.a(PR_RGB.o)
 .debug_info    0x0000000000002f4c      0x141 /home/lucas/Desktop/Informatica 2/TPO/gimbal_workspace/Gimbal/Biblioteca Info 2/libbibliotecaInfoII.a(PR_Teclado.o)
 .debug_info    0x000000000000308d      0x221 /home/lucas/Desktop/Informatica 2/TPO/gimbal_workspace/Gimbal/Biblioteca Info 2/libbibliotecaInfoII.a(PR_Timers.o)
 .debug_info    0x00000000000032ae      0x174 /home/lucas/Desktop/Informatica 2/TPO/gimbal_workspace/Gimbal/Biblioteca Info 2/libbibliotecaInfoII.a(PR_lcd.o)
 .debug_info    0x0000000000003422      0x161 /home/lucas/Desktop/Informatica 2/TPO/gimbal_workspace/Gimbal/Biblioteca Info 2/libbibliotecaInfoII.a(DR_7seg.o)
 .debug_info    0x0000000000003583      0x14c /home/lucas/Desktop/Informatica 2/TPO/gimbal_workspace/Gimbal/Biblioteca Info 2/libbibliotecaInfoII.a(DR_Buzzer.o)
 .debug_info    0x00000000000036cf      0x188 /home/lucas/Desktop/Informatica 2/TPO/gimbal_workspace/Gimbal/Biblioteca Info 2/libbibliotecaInfoII.a(DR_Entradas.o)

.debug_abbrev   0x0000000000000000     0x1684
 .debug_abbrev  0x0000000000000000      0x13b ./src/Aplicacion/maquinaControl.o
 .debug_abbrev  0x000000000000013b      0x119 ./src/Aplicacion/maquinaEjecutando.o
 .debug_abbrev  0x0000000000000254      0x140 ./src/Aplicacion/maquinaGeneral.o
 .debug_abbrev  0x0000000000000394       0xf8 ./src/Aplicacion/timers.o
 .debug_abbrev  0x000000000000048c      0x15a ./src/cr_startup_lpc175x_6x.o
 .debug_abbrev  0x00000000000005e6       0xbc ./src/crp.o
 .debug_abbrev  0x00000000000006a2       0xe7 ./src/main.o
 .debug_abbrev  0x0000000000000789       0x91 /home/lucas/Desktop/Informatica 2/TPO/gimbal_workspace/Gimbal/Biblioteca Info 2/libbibliotecaInfoII.a(DR_Inicializacion.o)
 .debug_abbrev  0x000000000000081a       0x52 /home/lucas/Desktop/Informatica 2/TPO/gimbal_workspace/Gimbal/Biblioteca Info 2/libbibliotecaInfoII.a(DR_PLL.o)
 .debug_abbrev  0x000000000000086c       0x91 /home/lucas/Desktop/Informatica 2/TPO/gimbal_workspace/Gimbal/Biblioteca Info 2/libbibliotecaInfoII.a(DR_RGB.o)
 .debug_abbrev  0x00000000000008fd       0x9e /home/lucas/Desktop/Informatica 2/TPO/gimbal_workspace/Gimbal/Biblioteca Info 2/libbibliotecaInfoII.a(DR_Salidas.o)
 .debug_abbrev  0x000000000000099b      0x104 /home/lucas/Desktop/Informatica 2/TPO/gimbal_workspace/Gimbal/Biblioteca Info 2/libbibliotecaInfoII.a(DR_SysTick.o)
 .debug_abbrev  0x0000000000000a9f       0xe3 /home/lucas/Desktop/Informatica 2/TPO/gimbal_workspace/Gimbal/Biblioteca Info 2/libbibliotecaInfoII.a(DR_Teclado.o)
 .debug_abbrev  0x0000000000000b82       0xc2 /home/lucas/Desktop/Informatica 2/TPO/gimbal_workspace/Gimbal/Biblioteca Info 2/libbibliotecaInfoII.a(DR_Timers.o)
 .debug_abbrev  0x0000000000000c44       0xe8 /home/lucas/Desktop/Informatica 2/TPO/gimbal_workspace/Gimbal/Biblioteca Info 2/libbibliotecaInfoII.a(DR_UART0.o)
 .debug_abbrev  0x0000000000000d2c       0xe8 /home/lucas/Desktop/Informatica 2/TPO/gimbal_workspace/Gimbal/Biblioteca Info 2/libbibliotecaInfoII.a(DR_UART1.o)
 .debug_abbrev  0x0000000000000e14       0xb0 /home/lucas/Desktop/Informatica 2/TPO/gimbal_workspace/Gimbal/Biblioteca Info 2/libbibliotecaInfoII.a(DR_adc.o)
 .debug_abbrev  0x0000000000000ec4       0xd4 /home/lucas/Desktop/Informatica 2/TPO/gimbal_workspace/Gimbal/Biblioteca Info 2/libbibliotecaInfoII.a(DR_gpio.o)
 .debug_abbrev  0x0000000000000f98      0x11b /home/lucas/Desktop/Informatica 2/TPO/gimbal_workspace/Gimbal/Biblioteca Info 2/libbibliotecaInfoII.a(DR_lcd.o)
 .debug_abbrev  0x00000000000010b3       0x70 /home/lucas/Desktop/Informatica 2/TPO/gimbal_workspace/Gimbal/Biblioteca Info 2/libbibliotecaInfoII.a(DR_pinsel.o)
 .debug_abbrev  0x0000000000001123       0xaf /home/lucas/Desktop/Informatica 2/TPO/gimbal_workspace/Gimbal/Biblioteca Info 2/libbibliotecaInfoII.a(PR_RGB.o)
 .debug_abbrev  0x00000000000011d2       0xa2 /home/lucas/Desktop/Informatica 2/TPO/gimbal_workspace/Gimbal/Biblioteca Info 2/libbibliotecaInfoII.a(PR_Teclado.o)
 .debug_abbrev  0x0000000000001274      0x109 /home/lucas/Desktop/Informatica 2/TPO/gimbal_workspace/Gimbal/Biblioteca Info 2/libbibliotecaInfoII.a(PR_Timers.o)
 .debug_abbrev  0x000000000000137d       0xc7 /home/lucas/Desktop/Informatica 2/TPO/gimbal_workspace/Gimbal/Biblioteca Info 2/libbibliotecaInfoII.a(PR_lcd.o)
 .debug_abbrev  0x0000000000001444       0xc5 /home/lucas/Desktop/Informatica 2/TPO/gimbal_workspace/Gimbal/Biblioteca Info 2/libbibliotecaInfoII.a(DR_7seg.o)
 .debug_abbrev  0x0000000000001509       0x9e /home/lucas/Desktop/Informatica 2/TPO/gimbal_workspace/Gimbal/Biblioteca Info 2/libbibliotecaInfoII.a(DR_Buzzer.o)
 .debug_abbrev  0x00000000000015a7       0xdd /home/lucas/Desktop/Informatica 2/TPO/gimbal_workspace/Gimbal/Biblioteca Info 2/libbibliotecaInfoII.a(DR_Entradas.o)

.debug_aranges  0x0000000000000000      0x508
 .debug_aranges
                0x0000000000000000       0x30 ./src/Aplicacion/maquinaControl.o
 .debug_aranges
                0x0000000000000030       0x28 ./src/Aplicacion/maquinaEjecutando.o
 .debug_aranges
                0x0000000000000058       0x40 ./src/Aplicacion/maquinaGeneral.o
 .debug_aranges
                0x0000000000000098       0x40 ./src/Aplicacion/timers.o
 .debug_aranges
                0x00000000000000d8       0x80 ./src/cr_startup_lpc175x_6x.o
 .debug_aranges
                0x0000000000000158       0x18 ./src/crp.o
 .debug_aranges
                0x0000000000000170       0x28 ./src/main.o
 .debug_aranges
                0x0000000000000198       0x20 /home/lucas/Desktop/Informatica 2/TPO/gimbal_workspace/Gimbal/Biblioteca Info 2/libbibliotecaInfoII.a(DR_Inicializacion.o)
 .debug_aranges
                0x00000000000001b8       0x20 /home/lucas/Desktop/Informatica 2/TPO/gimbal_workspace/Gimbal/Biblioteca Info 2/libbibliotecaInfoII.a(DR_PLL.o)
 .debug_aranges
                0x00000000000001d8       0x20 /home/lucas/Desktop/Informatica 2/TPO/gimbal_workspace/Gimbal/Biblioteca Info 2/libbibliotecaInfoII.a(DR_RGB.o)
 .debug_aranges
                0x00000000000001f8       0x28 /home/lucas/Desktop/Informatica 2/TPO/gimbal_workspace/Gimbal/Biblioteca Info 2/libbibliotecaInfoII.a(DR_Salidas.o)
 .debug_aranges
                0x0000000000000220       0x28 /home/lucas/Desktop/Informatica 2/TPO/gimbal_workspace/Gimbal/Biblioteca Info 2/libbibliotecaInfoII.a(DR_SysTick.o)
 .debug_aranges
                0x0000000000000248       0x30 /home/lucas/Desktop/Informatica 2/TPO/gimbal_workspace/Gimbal/Biblioteca Info 2/libbibliotecaInfoII.a(DR_Teclado.o)
 .debug_aranges
                0x0000000000000278       0x28 /home/lucas/Desktop/Informatica 2/TPO/gimbal_workspace/Gimbal/Biblioteca Info 2/libbibliotecaInfoII.a(DR_Timers.o)
 .debug_aranges
                0x00000000000002a0       0x48 /home/lucas/Desktop/Informatica 2/TPO/gimbal_workspace/Gimbal/Biblioteca Info 2/libbibliotecaInfoII.a(DR_UART0.o)
 .debug_aranges
                0x00000000000002e8       0x48 /home/lucas/Desktop/Informatica 2/TPO/gimbal_workspace/Gimbal/Biblioteca Info 2/libbibliotecaInfoII.a(DR_UART1.o)
 .debug_aranges
                0x0000000000000330       0x28 /home/lucas/Desktop/Informatica 2/TPO/gimbal_workspace/Gimbal/Biblioteca Info 2/libbibliotecaInfoII.a(DR_adc.o)
 .debug_aranges
                0x0000000000000358       0x38 /home/lucas/Desktop/Informatica 2/TPO/gimbal_workspace/Gimbal/Biblioteca Info 2/libbibliotecaInfoII.a(DR_gpio.o)
 .debug_aranges
                0x0000000000000390       0x38 /home/lucas/Desktop/Informatica 2/TPO/gimbal_workspace/Gimbal/Biblioteca Info 2/libbibliotecaInfoII.a(DR_lcd.o)
 .debug_aranges
                0x00000000000003c8       0x20 /home/lucas/Desktop/Informatica 2/TPO/gimbal_workspace/Gimbal/Biblioteca Info 2/libbibliotecaInfoII.a(DR_pinsel.o)
 .debug_aranges
                0x00000000000003e8       0x20 /home/lucas/Desktop/Informatica 2/TPO/gimbal_workspace/Gimbal/Biblioteca Info 2/libbibliotecaInfoII.a(PR_RGB.o)
 .debug_aranges
                0x0000000000000408       0x20 /home/lucas/Desktop/Informatica 2/TPO/gimbal_workspace/Gimbal/Biblioteca Info 2/libbibliotecaInfoII.a(PR_Teclado.o)
 .debug_aranges
                0x0000000000000428       0x48 /home/lucas/Desktop/Informatica 2/TPO/gimbal_workspace/Gimbal/Biblioteca Info 2/libbibliotecaInfoII.a(PR_Timers.o)
 .debug_aranges
                0x0000000000000470       0x20 /home/lucas/Desktop/Informatica 2/TPO/gimbal_workspace/Gimbal/Biblioteca Info 2/libbibliotecaInfoII.a(PR_lcd.o)
 .debug_aranges
                0x0000000000000490       0x28 /home/lucas/Desktop/Informatica 2/TPO/gimbal_workspace/Gimbal/Biblioteca Info 2/libbibliotecaInfoII.a(DR_7seg.o)
 .debug_aranges
                0x00000000000004b8       0x28 /home/lucas/Desktop/Informatica 2/TPO/gimbal_workspace/Gimbal/Biblioteca Info 2/libbibliotecaInfoII.a(DR_Buzzer.o)
 .debug_aranges
                0x00000000000004e0       0x28 /home/lucas/Desktop/Informatica 2/TPO/gimbal_workspace/Gimbal/Biblioteca Info 2/libbibliotecaInfoII.a(DR_Entradas.o)

.debug_ranges   0x0000000000000000      0x350
 .debug_ranges  0x0000000000000000       0x20 ./src/Aplicacion/maquinaControl.o
 .debug_ranges  0x0000000000000020       0x18 ./src/Aplicacion/maquinaEjecutando.o
 .debug_ranges  0x0000000000000038       0x30 ./src/Aplicacion/maquinaGeneral.o
 .debug_ranges  0x0000000000000068       0x30 ./src/Aplicacion/timers.o
 .debug_ranges  0x0000000000000098       0x70 ./src/cr_startup_lpc175x_6x.o
 .debug_ranges  0x0000000000000108       0x18 ./src/main.o
 .debug_ranges  0x0000000000000120       0x10 /home/lucas/Desktop/Informatica 2/TPO/gimbal_workspace/Gimbal/Biblioteca Info 2/libbibliotecaInfoII.a(DR_Inicializacion.o)
 .debug_ranges  0x0000000000000130       0x10 /home/lucas/Desktop/Informatica 2/TPO/gimbal_workspace/Gimbal/Biblioteca Info 2/libbibliotecaInfoII.a(DR_PLL.o)
 .debug_ranges  0x0000000000000140       0x10 /home/lucas/Desktop/Informatica 2/TPO/gimbal_workspace/Gimbal/Biblioteca Info 2/libbibliotecaInfoII.a(DR_RGB.o)
 .debug_ranges  0x0000000000000150       0x18 /home/lucas/Desktop/Informatica 2/TPO/gimbal_workspace/Gimbal/Biblioteca Info 2/libbibliotecaInfoII.a(DR_Salidas.o)
 .debug_ranges  0x0000000000000168       0x18 /home/lucas/Desktop/Informatica 2/TPO/gimbal_workspace/Gimbal/Biblioteca Info 2/libbibliotecaInfoII.a(DR_SysTick.o)
 .debug_ranges  0x0000000000000180       0x20 /home/lucas/Desktop/Informatica 2/TPO/gimbal_workspace/Gimbal/Biblioteca Info 2/libbibliotecaInfoII.a(DR_Teclado.o)
 .debug_ranges  0x00000000000001a0       0x18 /home/lucas/Desktop/Informatica 2/TPO/gimbal_workspace/Gimbal/Biblioteca Info 2/libbibliotecaInfoII.a(DR_Timers.o)
 .debug_ranges  0x00000000000001b8       0x38 /home/lucas/Desktop/Informatica 2/TPO/gimbal_workspace/Gimbal/Biblioteca Info 2/libbibliotecaInfoII.a(DR_UART0.o)
 .debug_ranges  0x00000000000001f0       0x38 /home/lucas/Desktop/Informatica 2/TPO/gimbal_workspace/Gimbal/Biblioteca Info 2/libbibliotecaInfoII.a(DR_UART1.o)
 .debug_ranges  0x0000000000000228       0x18 /home/lucas/Desktop/Informatica 2/TPO/gimbal_workspace/Gimbal/Biblioteca Info 2/libbibliotecaInfoII.a(DR_adc.o)
 .debug_ranges  0x0000000000000240       0x28 /home/lucas/Desktop/Informatica 2/TPO/gimbal_workspace/Gimbal/Biblioteca Info 2/libbibliotecaInfoII.a(DR_gpio.o)
 .debug_ranges  0x0000000000000268       0x28 /home/lucas/Desktop/Informatica 2/TPO/gimbal_workspace/Gimbal/Biblioteca Info 2/libbibliotecaInfoII.a(DR_lcd.o)
 .debug_ranges  0x0000000000000290       0x10 /home/lucas/Desktop/Informatica 2/TPO/gimbal_workspace/Gimbal/Biblioteca Info 2/libbibliotecaInfoII.a(DR_pinsel.o)
 .debug_ranges  0x00000000000002a0       0x10 /home/lucas/Desktop/Informatica 2/TPO/gimbal_workspace/Gimbal/Biblioteca Info 2/libbibliotecaInfoII.a(PR_RGB.o)
 .debug_ranges  0x00000000000002b0       0x10 /home/lucas/Desktop/Informatica 2/TPO/gimbal_workspace/Gimbal/Biblioteca Info 2/libbibliotecaInfoII.a(PR_Teclado.o)
 .debug_ranges  0x00000000000002c0       0x38 /home/lucas/Desktop/Informatica 2/TPO/gimbal_workspace/Gimbal/Biblioteca Info 2/libbibliotecaInfoII.a(PR_Timers.o)
 .debug_ranges  0x00000000000002f8       0x10 /home/lucas/Desktop/Informatica 2/TPO/gimbal_workspace/Gimbal/Biblioteca Info 2/libbibliotecaInfoII.a(PR_lcd.o)
 .debug_ranges  0x0000000000000308       0x18 /home/lucas/Desktop/Informatica 2/TPO/gimbal_workspace/Gimbal/Biblioteca Info 2/libbibliotecaInfoII.a(DR_7seg.o)
 .debug_ranges  0x0000000000000320       0x18 /home/lucas/Desktop/Informatica 2/TPO/gimbal_workspace/Gimbal/Biblioteca Info 2/libbibliotecaInfoII.a(DR_Buzzer.o)
 .debug_ranges  0x0000000000000338       0x18 /home/lucas/Desktop/Informatica 2/TPO/gimbal_workspace/Gimbal/Biblioteca Info 2/libbibliotecaInfoII.a(DR_Entradas.o)

.debug_macro    0x0000000000000000     0x3f8a
 .debug_macro   0x0000000000000000      0x21a ./src/Aplicacion/maquinaControl.o
 .debug_macro   0x000000000000021a      0xa66 ./src/Aplicacion/maquinaControl.o
 .debug_macro   0x0000000000000c80       0x2e ./src/Aplicacion/maquinaControl.o
 .debug_macro   0x0000000000000cae      0x130 ./src/Aplicacion/maquinaControl.o
 .debug_macro   0x0000000000000dde       0x64 ./src/Aplicacion/maquinaControl.o
 .debug_macro   0x0000000000000e42      0x172 ./src/Aplicacion/maquinaControl.o
 .debug_macro   0x0000000000000fb4      0x196 ./src/Aplicacion/maquinaControl.o
 .debug_macro   0x000000000000114a       0x76 ./src/Aplicacion/maquinaControl.o
 .debug_macro   0x00000000000011c0      0x118 ./src/Aplicacion/maquinaControl.o
 .debug_macro   0x00000000000012d8       0x40 ./src/Aplicacion/maquinaControl.o
 .debug_macro   0x0000000000001318       0x16 ./src/Aplicacion/maquinaControl.o
 .debug_macro   0x000000000000132e       0x16 ./src/Aplicacion/maquinaControl.o
 .debug_macro   0x0000000000001344       0x10 ./src/Aplicacion/maquinaControl.o
 .debug_macro   0x0000000000001354       0x10 ./src/Aplicacion/maquinaControl.o
 .debug_macro   0x0000000000001364       0x10 ./src/Aplicacion/maquinaControl.o
 .debug_macro   0x0000000000001374       0x28 ./src/Aplicacion/maquinaControl.o
 .debug_macro   0x000000000000139c      0x100 ./src/Aplicacion/maquinaControl.o
 .debug_macro   0x000000000000149c       0x40 ./src/Aplicacion/maquinaControl.o
 .debug_macro   0x00000000000014dc       0x28 ./src/Aplicacion/maquinaControl.o
 .debug_macro   0x0000000000001504       0x10 ./src/Aplicacion/maquinaControl.o
 .debug_macro   0x0000000000001514       0x1c ./src/Aplicacion/maquinaControl.o
 .debug_macro   0x0000000000001530       0x16 ./src/Aplicacion/maquinaControl.o
 .debug_macro   0x0000000000001546       0x1c ./src/Aplicacion/maquinaControl.o
 .debug_macro   0x0000000000001562       0x10 ./src/Aplicacion/maquinaControl.o
 .debug_macro   0x0000000000001572      0x12d ./src/Aplicacion/maquinaControl.o
 .debug_macro   0x000000000000169f       0x9a ./src/Aplicacion/maquinaControl.o
 .debug_macro   0x0000000000001739       0x22 ./src/Aplicacion/maquinaControl.o
 .debug_macro   0x000000000000175b       0x1c ./src/Aplicacion/maquinaControl.o
 .debug_macro   0x0000000000001777       0x2e ./src/Aplicacion/maquinaControl.o
 .debug_macro   0x00000000000017a5       0x10 ./src/Aplicacion/maquinaControl.o
 .debug_macro   0x00000000000017b5      0x215 ./src/Aplicacion/maquinaEjecutando.o
 .debug_macro   0x00000000000019ca      0x227 ./src/Aplicacion/maquinaGeneral.o
 .debug_macro   0x0000000000001bf1      0x21a ./src/Aplicacion/timers.o
 .debug_macro   0x0000000000001e0b      0x21d ./src/cr_startup_lpc175x_6x.o
 .debug_macro   0x0000000000002028      0x21a ./src/crp.o
 .debug_macro   0x0000000000002242       0x34 ./src/crp.o
 .debug_macro   0x0000000000002276      0x242 ./src/main.o
 .debug_macro   0x00000000000024b8       0x82 ./src/main.o
 .debug_macro   0x000000000000253a       0xed /home/lucas/Desktop/Informatica 2/TPO/gimbal_workspace/Gimbal/Biblioteca Info 2/libbibliotecaInfoII.a(DR_Inicializacion.o)
 .debug_macro   0x0000000000002627      0xa66 /home/lucas/Desktop/Informatica 2/TPO/gimbal_workspace/Gimbal/Biblioteca Info 2/libbibliotecaInfoII.a(DR_Inicializacion.o)
 .debug_macro   0x000000000000308d       0x10 /home/lucas/Desktop/Informatica 2/TPO/gimbal_workspace/Gimbal/Biblioteca Info 2/libbibliotecaInfoII.a(DR_Inicializacion.o)
 .debug_macro   0x000000000000309d       0x3a /home/lucas/Desktop/Informatica 2/TPO/gimbal_workspace/Gimbal/Biblioteca Info 2/libbibliotecaInfoII.a(DR_Inicializacion.o)
 .debug_macro   0x00000000000030d7      0x136 /home/lucas/Desktop/Informatica 2/TPO/gimbal_workspace/Gimbal/Biblioteca Info 2/libbibliotecaInfoII.a(DR_Inicializacion.o)
 .debug_macro   0x000000000000320d       0x29 /home/lucas/Desktop/Informatica 2/TPO/gimbal_workspace/Gimbal/Biblioteca Info 2/libbibliotecaInfoII.a(DR_PLL.o)
 .debug_macro   0x0000000000003236      0x112 /home/lucas/Desktop/Informatica 2/TPO/gimbal_workspace/Gimbal/Biblioteca Info 2/libbibliotecaInfoII.a(DR_PLL.o)
 .debug_macro   0x0000000000003348       0xa2 /home/lucas/Desktop/Informatica 2/TPO/gimbal_workspace/Gimbal/Biblioteca Info 2/libbibliotecaInfoII.a(DR_RGB.o)
 .debug_macro   0x00000000000033ea       0x9e /home/lucas/Desktop/Informatica 2/TPO/gimbal_workspace/Gimbal/Biblioteca Info 2/libbibliotecaInfoII.a(DR_Salidas.o)
 .debug_macro   0x0000000000003488       0xc4 /home/lucas/Desktop/Informatica 2/TPO/gimbal_workspace/Gimbal/Biblioteca Info 2/libbibliotecaInfoII.a(DR_SysTick.o)
 .debug_macro   0x000000000000354c       0xad /home/lucas/Desktop/Informatica 2/TPO/gimbal_workspace/Gimbal/Biblioteca Info 2/libbibliotecaInfoII.a(DR_Teclado.o)
 .debug_macro   0x00000000000035f9       0x22 /home/lucas/Desktop/Informatica 2/TPO/gimbal_workspace/Gimbal/Biblioteca Info 2/libbibliotecaInfoII.a(DR_Teclado.o)
 .debug_macro   0x000000000000361b       0x2e /home/lucas/Desktop/Informatica 2/TPO/gimbal_workspace/Gimbal/Biblioteca Info 2/libbibliotecaInfoII.a(DR_Timers.o)
 .debug_macro   0x0000000000003649       0xf7 /home/lucas/Desktop/Informatica 2/TPO/gimbal_workspace/Gimbal/Biblioteca Info 2/libbibliotecaInfoII.a(DR_UART0.o)
 .debug_macro   0x0000000000003740       0x10 /home/lucas/Desktop/Informatica 2/TPO/gimbal_workspace/Gimbal/Biblioteca Info 2/libbibliotecaInfoII.a(DR_UART0.o)
 .debug_macro   0x0000000000003750       0xa9 /home/lucas/Desktop/Informatica 2/TPO/gimbal_workspace/Gimbal/Biblioteca Info 2/libbibliotecaInfoII.a(DR_UART1.o)
 .debug_macro   0x00000000000037f9       0x10 /home/lucas/Desktop/Informatica 2/TPO/gimbal_workspace/Gimbal/Biblioteca Info 2/libbibliotecaInfoII.a(DR_UART1.o)
 .debug_macro   0x0000000000003809       0x5b /home/lucas/Desktop/Informatica 2/TPO/gimbal_workspace/Gimbal/Biblioteca Info 2/libbibliotecaInfoII.a(DR_adc.o)
 .debug_macro   0x0000000000003864       0x29 /home/lucas/Desktop/Informatica 2/TPO/gimbal_workspace/Gimbal/Biblioteca Info 2/libbibliotecaInfoII.a(DR_gpio.o)
 .debug_macro   0x000000000000388d      0x16c /home/lucas/Desktop/Informatica 2/TPO/gimbal_workspace/Gimbal/Biblioteca Info 2/libbibliotecaInfoII.a(DR_gpio.o)
 .debug_macro   0x00000000000039f9       0xa7 /home/lucas/Desktop/Informatica 2/TPO/gimbal_workspace/Gimbal/Biblioteca Info 2/libbibliotecaInfoII.a(DR_lcd.o)
 .debug_macro   0x0000000000003aa0       0x29 /home/lucas/Desktop/Informatica 2/TPO/gimbal_workspace/Gimbal/Biblioteca Info 2/libbibliotecaInfoII.a(DR_pinsel.o)
 .debug_macro   0x0000000000003ac9       0x5e /home/lucas/Desktop/Informatica 2/TPO/gimbal_workspace/Gimbal/Biblioteca Info 2/libbibliotecaInfoII.a(DR_pinsel.o)
 .debug_macro   0x0000000000003b27       0xa3 /home/lucas/Desktop/Informatica 2/TPO/gimbal_workspace/Gimbal/Biblioteca Info 2/libbibliotecaInfoII.a(PR_RGB.o)
 .debug_macro   0x0000000000003bca       0x16 /home/lucas/Desktop/Informatica 2/TPO/gimbal_workspace/Gimbal/Biblioteca Info 2/libbibliotecaInfoII.a(PR_RGB.o)
 .debug_macro   0x0000000000003be0       0xad /home/lucas/Desktop/Informatica 2/TPO/gimbal_workspace/Gimbal/Biblioteca Info 2/libbibliotecaInfoII.a(PR_Teclado.o)
 .debug_macro   0x0000000000003c8d       0x48 /home/lucas/Desktop/Informatica 2/TPO/gimbal_workspace/Gimbal/Biblioteca Info 2/libbibliotecaInfoII.a(PR_Timers.o)
 .debug_macro   0x0000000000003cd5       0x22 /home/lucas/Desktop/Informatica 2/TPO/gimbal_workspace/Gimbal/Biblioteca Info 2/libbibliotecaInfoII.a(PR_Timers.o)
 .debug_macro   0x0000000000003cf7       0xb3 /home/lucas/Desktop/Informatica 2/TPO/gimbal_workspace/Gimbal/Biblioteca Info 2/libbibliotecaInfoII.a(PR_lcd.o)
 .debug_macro   0x0000000000003daa       0xa3 /home/lucas/Desktop/Informatica 2/TPO/gimbal_workspace/Gimbal/Biblioteca Info 2/libbibliotecaInfoII.a(DR_7seg.o)
 .debug_macro   0x0000000000003e4d       0x9e /home/lucas/Desktop/Informatica 2/TPO/gimbal_workspace/Gimbal/Biblioteca Info 2/libbibliotecaInfoII.a(DR_Buzzer.o)
 .debug_macro   0x0000000000003eeb       0x9f /home/lucas/Desktop/Informatica 2/TPO/gimbal_workspace/Gimbal/Biblioteca Info 2/libbibliotecaInfoII.a(DR_Entradas.o)

.debug_line     0x0000000000000000     0x3ff3
 .debug_line    0x0000000000000000      0x50b ./src/Aplicacion/maquinaControl.o
 .debug_line    0x000000000000050b      0x523 ./src/Aplicacion/maquinaEjecutando.o
 .debug_line    0x0000000000000a2e      0x517 ./src/Aplicacion/maquinaGeneral.o
 .debug_line    0x0000000000000f45      0x500 ./src/Aplicacion/timers.o
 .debug_line    0x0000000000001445      0x530 ./src/cr_startup_lpc175x_6x.o
 .debug_line    0x0000000000001975      0x513 ./src/crp.o
 .debug_line    0x0000000000001e88      0x55b ./src/main.o
 .debug_line    0x00000000000023e3      0x1d7 /home/lucas/Desktop/Informatica 2/TPO/gimbal_workspace/Gimbal/Biblioteca Info 2/libbibliotecaInfoII.a(DR_Inicializacion.o)
 .debug_line    0x00000000000025ba       0xf3 /home/lucas/Desktop/Informatica 2/TPO/gimbal_workspace/Gimbal/Biblioteca Info 2/libbibliotecaInfoII.a(DR_PLL.o)
 .debug_line    0x00000000000026ad      0x162 /home/lucas/Desktop/Informatica 2/TPO/gimbal_workspace/Gimbal/Biblioteca Info 2/libbibliotecaInfoII.a(DR_RGB.o)
 .debug_line    0x000000000000280f      0x181 /home/lucas/Desktop/Informatica 2/TPO/gimbal_workspace/Gimbal/Biblioteca Info 2/libbibliotecaInfoII.a(DR_Salidas.o)
 .debug_line    0x0000000000002990      0x1ac /home/lucas/Desktop/Informatica 2/TPO/gimbal_workspace/Gimbal/Biblioteca Info 2/libbibliotecaInfoII.a(DR_SysTick.o)
 .debug_line    0x0000000000002b3c      0x1b2 /home/lucas/Desktop/Informatica 2/TPO/gimbal_workspace/Gimbal/Biblioteca Info 2/libbibliotecaInfoII.a(DR_Teclado.o)
 .debug_line    0x0000000000002cee       0xee /home/lucas/Desktop/Informatica 2/TPO/gimbal_workspace/Gimbal/Biblioteca Info 2/libbibliotecaInfoII.a(DR_Timers.o)
 .debug_line    0x0000000000002ddc      0x16b /home/lucas/Desktop/Informatica 2/TPO/gimbal_workspace/Gimbal/Biblioteca Info 2/libbibliotecaInfoII.a(DR_UART0.o)
 .debug_line    0x0000000000002f47      0x16b /home/lucas/Desktop/Informatica 2/TPO/gimbal_workspace/Gimbal/Biblioteca Info 2/libbibliotecaInfoII.a(DR_UART1.o)
 .debug_line    0x00000000000030b2      0x131 /home/lucas/Desktop/Informatica 2/TPO/gimbal_workspace/Gimbal/Biblioteca Info 2/libbibliotecaInfoII.a(DR_adc.o)
 .debug_line    0x00000000000031e3       0xff /home/lucas/Desktop/Informatica 2/TPO/gimbal_workspace/Gimbal/Biblioteca Info 2/libbibliotecaInfoII.a(DR_gpio.o)
 .debug_line    0x00000000000032e2      0x1ff /home/lucas/Desktop/Informatica 2/TPO/gimbal_workspace/Gimbal/Biblioteca Info 2/libbibliotecaInfoII.a(DR_lcd.o)
 .debug_line    0x00000000000034e1       0xbd /home/lucas/Desktop/Informatica 2/TPO/gimbal_workspace/Gimbal/Biblioteca Info 2/libbibliotecaInfoII.a(DR_pinsel.o)
 .debug_line    0x000000000000359e      0x169 /home/lucas/Desktop/Informatica 2/TPO/gimbal_workspace/Gimbal/Biblioteca Info 2/libbibliotecaInfoII.a(PR_RGB.o)
 .debug_line    0x0000000000003707      0x177 /home/lucas/Desktop/Informatica 2/TPO/gimbal_workspace/Gimbal/Biblioteca Info 2/libbibliotecaInfoII.a(PR_Teclado.o)
 .debug_line    0x000000000000387e      0x153 /home/lucas/Desktop/Informatica 2/TPO/gimbal_workspace/Gimbal/Biblioteca Info 2/libbibliotecaInfoII.a(PR_Timers.o)
 .debug_line    0x00000000000039d1      0x180 /home/lucas/Desktop/Informatica 2/TPO/gimbal_workspace/Gimbal/Biblioteca Info 2/libbibliotecaInfoII.a(PR_lcd.o)
 .debug_line    0x0000000000003b51      0x189 /home/lucas/Desktop/Informatica 2/TPO/gimbal_workspace/Gimbal/Biblioteca Info 2/libbibliotecaInfoII.a(DR_7seg.o)
 .debug_line    0x0000000000003cda      0x177 /home/lucas/Desktop/Informatica 2/TPO/gimbal_workspace/Gimbal/Biblioteca Info 2/libbibliotecaInfoII.a(DR_Buzzer.o)
 .debug_line    0x0000000000003e51      0x1a2 /home/lucas/Desktop/Informatica 2/TPO/gimbal_workspace/Gimbal/Biblioteca Info 2/libbibliotecaInfoII.a(DR_Entradas.o)

.debug_str      0x0000000000000000     0x689d
 .debug_str     0x0000000000000000     0x5686 ./src/Aplicacion/maquinaControl.o
                                       0x56f3 (size before relaxing)
 .debug_str     0x0000000000005686       0x50 ./src/Aplicacion/maquinaEjecutando.o
                                       0x56a2 (size before relaxing)
 .debug_str     0x00000000000056d6       0x73 ./src/Aplicacion/maquinaGeneral.o
                                       0x56e0 (size before relaxing)
 .debug_str     0x0000000000005749       0x66 ./src/Aplicacion/timers.o
                                       0x56c1 (size before relaxing)
 .debug_str     0x00000000000057af      0x1d6 ./src/cr_startup_lpc175x_6x.o
                                       0x5804 (size before relaxing)
 .debug_str     0x0000000000005985       0xe9 ./src/crp.o
                                       0x5711 (size before relaxing)
 .debug_str     0x0000000000005a6e      0x46f ./src/main.o
                                       0x5aad (size before relaxing)
 .debug_str     0x0000000000005edd      0x18d /home/lucas/Desktop/Informatica 2/TPO/gimbal_workspace/Gimbal/Biblioteca Info 2/libbibliotecaInfoII.a(DR_Inicializacion.o)
                                       0x4374 (size before relaxing)
 .debug_str     0x000000000000606a       0x1f /home/lucas/Desktop/Informatica 2/TPO/gimbal_workspace/Gimbal/Biblioteca Info 2/libbibliotecaInfoII.a(DR_PLL.o)
                                       0x32e2 (size before relaxing)
 .debug_str     0x0000000000006089       0x1f /home/lucas/Desktop/Informatica 2/TPO/gimbal_workspace/Gimbal/Biblioteca Info 2/libbibliotecaInfoII.a(DR_RGB.o)
                                       0x3d28 (size before relaxing)
 .debug_str     0x00000000000060a8       0x37 /home/lucas/Desktop/Informatica 2/TPO/gimbal_workspace/Gimbal/Biblioteca Info 2/libbibliotecaInfoII.a(DR_Salidas.o)
                                       0x3d52 (size before relaxing)
 .debug_str     0x00000000000060df       0x4c /home/lucas/Desktop/Informatica 2/TPO/gimbal_workspace/Gimbal/Biblioteca Info 2/libbibliotecaInfoII.a(DR_SysTick.o)
                                       0x3ed3 (size before relaxing)
 .debug_str     0x000000000000612b       0x84 /home/lucas/Desktop/Informatica 2/TPO/gimbal_workspace/Gimbal/Biblioteca Info 2/libbibliotecaInfoII.a(DR_Teclado.o)
                                       0x3db1 (size before relaxing)
 .debug_str     0x00000000000061af       0x2d /home/lucas/Desktop/Informatica 2/TPO/gimbal_workspace/Gimbal/Biblioteca Info 2/libbibliotecaInfoII.a(DR_Timers.o)
                                       0x2e20 (size before relaxing)
 .debug_str     0x00000000000061dc      0x319 /home/lucas/Desktop/Informatica 2/TPO/gimbal_workspace/Gimbal/Biblioteca Info 2/libbibliotecaInfoII.a(DR_UART0.o)
                                       0x4117 (size before relaxing)
 .debug_str     0x00000000000064f5       0xc3 /home/lucas/Desktop/Informatica 2/TPO/gimbal_workspace/Gimbal/Biblioteca Info 2/libbibliotecaInfoII.a(DR_UART1.o)
                                       0x3fe7 (size before relaxing)
 .debug_str     0x00000000000065b8       0x40 /home/lucas/Desktop/Informatica 2/TPO/gimbal_workspace/Gimbal/Biblioteca Info 2/libbibliotecaInfoII.a(DR_adc.o)
                                       0x428f (size before relaxing)
 .debug_str     0x00000000000065f8       0x4a /home/lucas/Desktop/Informatica 2/TPO/gimbal_workspace/Gimbal/Biblioteca Info 2/libbibliotecaInfoII.a(DR_gpio.o)
                                       0x3237 (size before relaxing)
 .debug_str     0x0000000000006642       0x74 /home/lucas/Desktop/Informatica 2/TPO/gimbal_workspace/Gimbal/Biblioteca Info 2/libbibliotecaInfoII.a(DR_lcd.o)
                                       0x3e09 (size before relaxing)
 .debug_str     0x00000000000066b6       0x29 /home/lucas/Desktop/Informatica 2/TPO/gimbal_workspace/Gimbal/Biblioteca Info 2/libbibliotecaInfoII.a(DR_pinsel.o)
                                       0x2ee3 (size before relaxing)
 .debug_str     0x00000000000066df       0x18 /home/lucas/Desktop/Informatica 2/TPO/gimbal_workspace/Gimbal/Biblioteca Info 2/libbibliotecaInfoII.a(PR_RGB.o)
                                       0x3d36 (size before relaxing)
 .debug_str     0x00000000000066f7       0x1b /home/lucas/Desktop/Informatica 2/TPO/gimbal_workspace/Gimbal/Biblioteca Info 2/libbibliotecaInfoII.a(PR_Teclado.o)
                                       0x3d57 (size before relaxing)
 .debug_str     0x0000000000006712       0x9c /home/lucas/Desktop/Informatica 2/TPO/gimbal_workspace/Gimbal/Biblioteca Info 2/libbibliotecaInfoII.a(PR_Timers.o)
                                       0x2ecd (size before relaxing)
 .debug_str     0x00000000000067ae       0x21 /home/lucas/Desktop/Informatica 2/TPO/gimbal_workspace/Gimbal/Biblioteca Info 2/libbibliotecaInfoII.a(PR_lcd.o)
                                       0x3df4 (size before relaxing)
 .debug_str     0x00000000000067cf       0x4f /home/lucas/Desktop/Informatica 2/TPO/gimbal_workspace/Gimbal/Biblioteca Info 2/libbibliotecaInfoII.a(DR_7seg.o)
                                       0x3d36 (size before relaxing)
 .debug_str     0x000000000000681e       0x34 /home/lucas/Desktop/Informatica 2/TPO/gimbal_workspace/Gimbal/Biblioteca Info 2/libbibliotecaInfoII.a(DR_Buzzer.o)
                                       0x3d4d (size before relaxing)
 .debug_str     0x0000000000006852       0x4b /home/lucas/Desktop/Informatica 2/TPO/gimbal_workspace/Gimbal/Biblioteca Info 2/libbibliotecaInfoII.a(DR_Entradas.o)
                                       0x3d32 (size before relaxing)

.comment        0x0000000000000000       0xfd
 .comment       0x0000000000000000       0x7f ./src/Aplicacion/maquinaControl.o
                                         0x80 (size before relaxing)
 .comment       0x000000000000007f       0x80 ./src/Aplicacion/maquinaEjecutando.o
 .comment       0x000000000000007f       0x80 ./src/Aplicacion/maquinaGeneral.o
 .comment       0x000000000000007f       0x80 ./src/Aplicacion/timers.o
 .comment       0x000000000000007f       0x80 ./src/cr_startup_lpc175x_6x.o
 .comment       0x000000000000007f       0x80 ./src/crp.o
 .comment       0x000000000000007f       0x80 ./src/main.o
 .comment       0x000000000000007f       0x7e /home/lucas/Desktop/Informatica 2/TPO/gimbal_workspace/Gimbal/Biblioteca Info 2/libbibliotecaInfoII.a(DR_Inicializacion.o)
                                         0x7f (size before relaxing)
 .comment       0x00000000000000fd       0x7f /home/lucas/Desktop/Informatica 2/TPO/gimbal_workspace/Gimbal/Biblioteca Info 2/libbibliotecaInfoII.a(DR_PLL.o)
 .comment       0x00000000000000fd       0x7f /home/lucas/Desktop/Informatica 2/TPO/gimbal_workspace/Gimbal/Biblioteca Info 2/libbibliotecaInfoII.a(DR_RGB.o)
 .comment       0x00000000000000fd       0x7f /home/lucas/Desktop/Informatica 2/TPO/gimbal_workspace/Gimbal/Biblioteca Info 2/libbibliotecaInfoII.a(DR_Salidas.o)
 .comment       0x00000000000000fd       0x7f /home/lucas/Desktop/Informatica 2/TPO/gimbal_workspace/Gimbal/Biblioteca Info 2/libbibliotecaInfoII.a(DR_SysTick.o)
 .comment       0x00000000000000fd       0x7f /home/lucas/Desktop/Informatica 2/TPO/gimbal_workspace/Gimbal/Biblioteca Info 2/libbibliotecaInfoII.a(DR_Teclado.o)
 .comment       0x00000000000000fd       0x7f /home/lucas/Desktop/Informatica 2/TPO/gimbal_workspace/Gimbal/Biblioteca Info 2/libbibliotecaInfoII.a(DR_Timers.o)
 .comment       0x00000000000000fd       0x7f /home/lucas/Desktop/Informatica 2/TPO/gimbal_workspace/Gimbal/Biblioteca Info 2/libbibliotecaInfoII.a(DR_UART0.o)
 .comment       0x00000000000000fd       0x7f /home/lucas/Desktop/Informatica 2/TPO/gimbal_workspace/Gimbal/Biblioteca Info 2/libbibliotecaInfoII.a(DR_UART1.o)
 .comment       0x00000000000000fd       0x7f /home/lucas/Desktop/Informatica 2/TPO/gimbal_workspace/Gimbal/Biblioteca Info 2/libbibliotecaInfoII.a(DR_adc.o)
 .comment       0x00000000000000fd       0x7f /home/lucas/Desktop/Informatica 2/TPO/gimbal_workspace/Gimbal/Biblioteca Info 2/libbibliotecaInfoII.a(DR_gpio.o)
 .comment       0x00000000000000fd       0x7f /home/lucas/Desktop/Informatica 2/TPO/gimbal_workspace/Gimbal/Biblioteca Info 2/libbibliotecaInfoII.a(DR_lcd.o)
 .comment       0x00000000000000fd       0x7f /home/lucas/Desktop/Informatica 2/TPO/gimbal_workspace/Gimbal/Biblioteca Info 2/libbibliotecaInfoII.a(DR_pinsel.o)
 .comment       0x00000000000000fd       0x7f /home/lucas/Desktop/Informatica 2/TPO/gimbal_workspace/Gimbal/Biblioteca Info 2/libbibliotecaInfoII.a(PR_RGB.o)
 .comment       0x00000000000000fd       0x7f /home/lucas/Desktop/Informatica 2/TPO/gimbal_workspace/Gimbal/Biblioteca Info 2/libbibliotecaInfoII.a(PR_Teclado.o)
 .comment       0x00000000000000fd       0x7f /home/lucas/Desktop/Informatica 2/TPO/gimbal_workspace/Gimbal/Biblioteca Info 2/libbibliotecaInfoII.a(PR_Timers.o)
 .comment       0x00000000000000fd       0x7f /home/lucas/Desktop/Informatica 2/TPO/gimbal_workspace/Gimbal/Biblioteca Info 2/libbibliotecaInfoII.a(PR_lcd.o)
 .comment       0x00000000000000fd       0x7f /home/lucas/Desktop/Informatica 2/TPO/gimbal_workspace/Gimbal/Biblioteca Info 2/libbibliotecaInfoII.a(DR_7seg.o)
 .comment       0x00000000000000fd       0x7f /home/lucas/Desktop/Informatica 2/TPO/gimbal_workspace/Gimbal/Biblioteca Info 2/libbibliotecaInfoII.a(DR_Buzzer.o)
 .comment       0x00000000000000fd       0x7f /home/lucas/Desktop/Informatica 2/TPO/gimbal_workspace/Gimbal/Biblioteca Info 2/libbibliotecaInfoII.a(DR_Entradas.o)
 .comment       0x00000000000000fd       0x80 /usr/local/mcuxpressoide-10.3.1_2233/ide/plugins/com.nxp.mcuxpresso.tools.linux_10.3.0.201811011841/tools/bin/../lib/gcc/arm-none-eabi/7.3.1/../../../../arm-none-eabi/lib/thumb/v7-m/libcr_c.a(__weak__main.o)
 .comment       0x00000000000000fd       0x80 /usr/local/mcuxpressoide-10.3.1_2233/ide/plugins/com.nxp.mcuxpresso.tools.linux_10.3.0.201811011841/tools/bin/../lib/gcc/arm-none-eabi/7.3.1/thumb/v7-m/libcr_eabihelpers.a(float.o)

.ARM.attributes
                0x0000000000000000       0x33
 .ARM.attributes
                0x0000000000000000       0x33 ./src/Aplicacion/maquinaControl.o
 .ARM.attributes
                0x0000000000000033       0x33 ./src/Aplicacion/maquinaEjecutando.o
 .ARM.attributes
                0x0000000000000066       0x33 ./src/Aplicacion/maquinaGeneral.o
 .ARM.attributes
                0x0000000000000099       0x33 ./src/Aplicacion/timers.o
 .ARM.attributes
                0x00000000000000cc       0x33 ./src/cr_startup_lpc175x_6x.o
 .ARM.attributes
                0x00000000000000ff       0x33 ./src/crp.o
 .ARM.attributes
                0x0000000000000132       0x33 ./src/main.o
 .ARM.attributes
                0x0000000000000165       0x33 /home/lucas/Desktop/Informatica 2/TPO/gimbal_workspace/Gimbal/Biblioteca Info 2/libbibliotecaInfoII.a(DR_Inicializacion.o)
 .ARM.attributes
                0x0000000000000198       0x33 /home/lucas/Desktop/Informatica 2/TPO/gimbal_workspace/Gimbal/Biblioteca Info 2/libbibliotecaInfoII.a(DR_PLL.o)
 .ARM.attributes
                0x00000000000001cb       0x33 /home/lucas/Desktop/Informatica 2/TPO/gimbal_workspace/Gimbal/Biblioteca Info 2/libbibliotecaInfoII.a(DR_RGB.o)
 .ARM.attributes
                0x00000000000001fe       0x33 /home/lucas/Desktop/Informatica 2/TPO/gimbal_workspace/Gimbal/Biblioteca Info 2/libbibliotecaInfoII.a(DR_Salidas.o)
 .ARM.attributes
                0x0000000000000231       0x33 /home/lucas/Desktop/Informatica 2/TPO/gimbal_workspace/Gimbal/Biblioteca Info 2/libbibliotecaInfoII.a(DR_SysTick.o)
 .ARM.attributes
                0x0000000000000264       0x33 /home/lucas/Desktop/Informatica 2/TPO/gimbal_workspace/Gimbal/Biblioteca Info 2/libbibliotecaInfoII.a(DR_Teclado.o)
 .ARM.attributes
                0x0000000000000297       0x33 /home/lucas/Desktop/Informatica 2/TPO/gimbal_workspace/Gimbal/Biblioteca Info 2/libbibliotecaInfoII.a(DR_Timers.o)
 .ARM.attributes
                0x00000000000002ca       0x33 /home/lucas/Desktop/Informatica 2/TPO/gimbal_workspace/Gimbal/Biblioteca Info 2/libbibliotecaInfoII.a(DR_UART0.o)
 .ARM.attributes
                0x00000000000002fd       0x33 /home/lucas/Desktop/Informatica 2/TPO/gimbal_workspace/Gimbal/Biblioteca Info 2/libbibliotecaInfoII.a(DR_UART1.o)
 .ARM.attributes
                0x0000000000000330       0x33 /home/lucas/Desktop/Informatica 2/TPO/gimbal_workspace/Gimbal/Biblioteca Info 2/libbibliotecaInfoII.a(DR_adc.o)
 .ARM.attributes
                0x0000000000000363       0x33 /home/lucas/Desktop/Informatica 2/TPO/gimbal_workspace/Gimbal/Biblioteca Info 2/libbibliotecaInfoII.a(DR_gpio.o)
 .ARM.attributes
                0x0000000000000396       0x33 /home/lucas/Desktop/Informatica 2/TPO/gimbal_workspace/Gimbal/Biblioteca Info 2/libbibliotecaInfoII.a(DR_lcd.o)
 .ARM.attributes
                0x00000000000003c9       0x33 /home/lucas/Desktop/Informatica 2/TPO/gimbal_workspace/Gimbal/Biblioteca Info 2/libbibliotecaInfoII.a(DR_pinsel.o)
 .ARM.attributes
                0x00000000000003fc       0x33 /home/lucas/Desktop/Informatica 2/TPO/gimbal_workspace/Gimbal/Biblioteca Info 2/libbibliotecaInfoII.a(PR_RGB.o)
 .ARM.attributes
                0x000000000000042f       0x33 /home/lucas/Desktop/Informatica 2/TPO/gimbal_workspace/Gimbal/Biblioteca Info 2/libbibliotecaInfoII.a(PR_Teclado.o)
 .ARM.attributes
                0x0000000000000462       0x33 /home/lucas/Desktop/Informatica 2/TPO/gimbal_workspace/Gimbal/Biblioteca Info 2/libbibliotecaInfoII.a(PR_Timers.o)
 .ARM.attributes
                0x0000000000000495       0x33 /home/lucas/Desktop/Informatica 2/TPO/gimbal_workspace/Gimbal/Biblioteca Info 2/libbibliotecaInfoII.a(PR_lcd.o)
 .ARM.attributes
                0x00000000000004c8       0x33 /home/lucas/Desktop/Informatica 2/TPO/gimbal_workspace/Gimbal/Biblioteca Info 2/libbibliotecaInfoII.a(DR_7seg.o)
 .ARM.attributes
                0x00000000000004fb       0x33 /home/lucas/Desktop/Informatica 2/TPO/gimbal_workspace/Gimbal/Biblioteca Info 2/libbibliotecaInfoII.a(DR_Buzzer.o)
 .ARM.attributes
                0x000000000000052e       0x33 /home/lucas/Desktop/Informatica 2/TPO/gimbal_workspace/Gimbal/Biblioteca Info 2/libbibliotecaInfoII.a(DR_Entradas.o)
 .ARM.attributes
                0x0000000000000561       0x33 /usr/local/mcuxpressoide-10.3.1_2233/ide/plugins/com.nxp.mcuxpresso.tools.linux_10.3.0.201811011841/tools/bin/../lib/gcc/arm-none-eabi/7.3.1/../../../../arm-none-eabi/lib/thumb/v7-m/libcr_c.a(__weak__main.o)
 .ARM.attributes
                0x0000000000000594       0x33 /usr/local/mcuxpressoide-10.3.1_2233/ide/plugins/com.nxp.mcuxpresso.tools.linux_10.3.0.201811011841/tools/bin/../lib/gcc/arm-none-eabi/7.3.1/thumb/v7-m/libcr_eabihelpers.a(float.o)

.debug_frame    0x0000000000000000      0xc2c
 .debug_frame   0x0000000000000000       0x74 ./src/Aplicacion/maquinaControl.o
 .debug_frame   0x0000000000000074       0x5c ./src/Aplicacion/maquinaEjecutando.o
 .debug_frame   0x00000000000000d0       0xb4 ./src/Aplicacion/maquinaGeneral.o
 .debug_frame   0x0000000000000184       0xa8 ./src/Aplicacion/timers.o
 .debug_frame   0x000000000000022c      0x170 ./src/cr_startup_lpc175x_6x.o
 .debug_frame   0x000000000000039c       0x4c ./src/main.o
 .debug_frame   0x00000000000003e8       0x2c /home/lucas/Desktop/Informatica 2/TPO/gimbal_workspace/Gimbal/Biblioteca Info 2/libbibliotecaInfoII.a(DR_Inicializacion.o)
 .debug_frame   0x0000000000000414       0x30 /home/lucas/Desktop/Informatica 2/TPO/gimbal_workspace/Gimbal/Biblioteca Info 2/libbibliotecaInfoII.a(DR_PLL.o)
 .debug_frame   0x0000000000000444       0x2c /home/lucas/Desktop/Informatica 2/TPO/gimbal_workspace/Gimbal/Biblioteca Info 2/libbibliotecaInfoII.a(DR_RGB.o)
 .debug_frame   0x0000000000000470       0x48 /home/lucas/Desktop/Informatica 2/TPO/gimbal_workspace/Gimbal/Biblioteca Info 2/libbibliotecaInfoII.a(DR_Salidas.o)
 .debug_frame   0x00000000000004b8       0x4c /home/lucas/Desktop/Informatica 2/TPO/gimbal_workspace/Gimbal/Biblioteca Info 2/libbibliotecaInfoII.a(DR_SysTick.o)
 .debug_frame   0x0000000000000504       0x74 /home/lucas/Desktop/Informatica 2/TPO/gimbal_workspace/Gimbal/Biblioteca Info 2/libbibliotecaInfoII.a(DR_Teclado.o)
 .debug_frame   0x0000000000000578       0x5c /home/lucas/Desktop/Informatica 2/TPO/gimbal_workspace/Gimbal/Biblioteca Info 2/libbibliotecaInfoII.a(DR_Timers.o)
 .debug_frame   0x00000000000005d4       0xf8 /home/lucas/Desktop/Informatica 2/TPO/gimbal_workspace/Gimbal/Biblioteca Info 2/libbibliotecaInfoII.a(DR_UART0.o)
 .debug_frame   0x00000000000006cc       0xf8 /home/lucas/Desktop/Informatica 2/TPO/gimbal_workspace/Gimbal/Biblioteca Info 2/libbibliotecaInfoII.a(DR_UART1.o)
 .debug_frame   0x00000000000007c4       0x54 /home/lucas/Desktop/Informatica 2/TPO/gimbal_workspace/Gimbal/Biblioteca Info 2/libbibliotecaInfoII.a(DR_adc.o)
 .debug_frame   0x0000000000000818       0xb0 /home/lucas/Desktop/Informatica 2/TPO/gimbal_workspace/Gimbal/Biblioteca Info 2/libbibliotecaInfoII.a(DR_gpio.o)
 .debug_frame   0x00000000000008c8       0xa8 /home/lucas/Desktop/Informatica 2/TPO/gimbal_workspace/Gimbal/Biblioteca Info 2/libbibliotecaInfoII.a(DR_lcd.o)
 .debug_frame   0x0000000000000970       0x38 /home/lucas/Desktop/Informatica 2/TPO/gimbal_workspace/Gimbal/Biblioteca Info 2/libbibliotecaInfoII.a(DR_pinsel.o)
 .debug_frame   0x00000000000009a8       0x34 /home/lucas/Desktop/Informatica 2/TPO/gimbal_workspace/Gimbal/Biblioteca Info 2/libbibliotecaInfoII.a(PR_RGB.o)
 .debug_frame   0x00000000000009dc       0x38 /home/lucas/Desktop/Informatica 2/TPO/gimbal_workspace/Gimbal/Biblioteca Info 2/libbibliotecaInfoII.a(PR_Teclado.o)
 .debug_frame   0x0000000000000a14       0xfc /home/lucas/Desktop/Informatica 2/TPO/gimbal_workspace/Gimbal/Biblioteca Info 2/libbibliotecaInfoII.a(PR_Timers.o)
 .debug_frame   0x0000000000000b10       0x34 /home/lucas/Desktop/Informatica 2/TPO/gimbal_workspace/Gimbal/Biblioteca Info 2/libbibliotecaInfoII.a(PR_lcd.o)
 .debug_frame   0x0000000000000b44       0x50 /home/lucas/Desktop/Informatica 2/TPO/gimbal_workspace/Gimbal/Biblioteca Info 2/libbibliotecaInfoII.a(DR_7seg.o)
 .debug_frame   0x0000000000000b94       0x48 /home/lucas/Desktop/Informatica 2/TPO/gimbal_workspace/Gimbal/Biblioteca Info 2/libbibliotecaInfoII.a(DR_Buzzer.o)
 .debug_frame   0x0000000000000bdc       0x50 /home/lucas/Desktop/Informatica 2/TPO/gimbal_workspace/Gimbal/Biblioteca Info 2/libbibliotecaInfoII.a(DR_Entradas.o)
